Archive member included to satisfy reference by file (symbol)

c:/rppicosdk/armcc/10 2021.10/bin/../lib/gcc/arm-none-eabi/10.3.1/thumb/v6-m/nofp\libgcc.a(_dvmd_tls.o)
                              CMakeFiles/main.dir/C_/RPPicoSDK/sdk/pico-sdk/src/rp2_common/pico_divider/divider.S.obj (__aeabi_idiv0)
c:/rppicosdk/armcc/10 2021.10/bin/../lib/gcc/arm-none-eabi/10.3.1/../../../../arm-none-eabi/lib/thumb/v6-m/nofp\libc.a(lib_a-calloc.o)
                              CMakeFiles/main.dir/C_/RPPicoSDK/sdk/pico-sdk/src/rp2_common/pico_malloc/pico_malloc.c.obj (calloc)
c:/rppicosdk/armcc/10 2021.10/bin/../lib/gcc/arm-none-eabi/10.3.1/../../../../arm-none-eabi/lib/thumb/v6-m/nofp\libc.a(lib_a-callocr.o)
                              c:/rppicosdk/armcc/10 2021.10/bin/../lib/gcc/arm-none-eabi/10.3.1/../../../../arm-none-eabi/lib/thumb/v6-m/nofp\libc.a(lib_a-calloc.o) (_calloc_r)
c:/rppicosdk/armcc/10 2021.10/bin/../lib/gcc/arm-none-eabi/10.3.1/../../../../arm-none-eabi/lib/thumb/v6-m/nofp\libc.a(lib_a-errno.o)
                              c:/rppicosdk/armcc/10 2021.10/bin/../lib/gcc/arm-none-eabi/10.3.1/../../../../arm-none-eabi/lib/thumb/v6-m/nofp\libc.a(lib_a-callocr.o) (__errno)
c:/rppicosdk/armcc/10 2021.10/bin/../lib/gcc/arm-none-eabi/10.3.1/../../../../arm-none-eabi/lib/thumb/v6-m/nofp\libc.a(lib_a-impure.o)
                              c:/rppicosdk/armcc/10 2021.10/bin/../lib/gcc/arm-none-eabi/10.3.1/../../../../arm-none-eabi/lib/thumb/v6-m/nofp\libc.a(lib_a-calloc.o) (_impure_ptr)
c:/rppicosdk/armcc/10 2021.10/bin/../lib/gcc/arm-none-eabi/10.3.1/../../../../arm-none-eabi/lib/thumb/v6-m/nofp\libc.a(lib_a-init.o)
                              c:/rppicosdk/armcc/10 2021.10/bin/../lib/gcc/arm-none-eabi/10.3.1/../../../../arm-none-eabi/lib/thumb/v6-m/nofp/crt0.o (__libc_init_array)
c:/rppicosdk/armcc/10 2021.10/bin/../lib/gcc/arm-none-eabi/10.3.1/../../../../arm-none-eabi/lib/thumb/v6-m/nofp\libc.a(lib_a-malloc.o)
                              CMakeFiles/main.dir/C_/RPPicoSDK/sdk/pico-sdk/src/rp2_common/pico_malloc/pico_malloc.c.obj (malloc)
c:/rppicosdk/armcc/10 2021.10/bin/../lib/gcc/arm-none-eabi/10.3.1/../../../../arm-none-eabi/lib/thumb/v6-m/nofp\libc.a(lib_a-mallocr.o)
                              c:/rppicosdk/armcc/10 2021.10/bin/../lib/gcc/arm-none-eabi/10.3.1/../../../../arm-none-eabi/lib/thumb/v6-m/nofp\libc.a(lib_a-callocr.o) (_malloc_r)
c:/rppicosdk/armcc/10 2021.10/bin/../lib/gcc/arm-none-eabi/10.3.1/../../../../arm-none-eabi/lib/thumb/v6-m/nofp\libc.a(lib_a-mlock.o)
                              c:/rppicosdk/armcc/10 2021.10/bin/../lib/gcc/arm-none-eabi/10.3.1/../../../../arm-none-eabi/lib/thumb/v6-m/nofp\libc.a(lib_a-mallocr.o) (__malloc_lock)
c:/rppicosdk/armcc/10 2021.10/bin/../lib/gcc/arm-none-eabi/10.3.1/../../../../arm-none-eabi/lib/thumb/v6-m/nofp\libc.a(lib_a-sbrkr.o)
                              c:/rppicosdk/armcc/10 2021.10/bin/../lib/gcc/arm-none-eabi/10.3.1/../../../../arm-none-eabi/lib/thumb/v6-m/nofp\libc.a(lib_a-mallocr.o) (_sbrk_r)
c:/rppicosdk/armcc/10 2021.10/bin/../lib/gcc/arm-none-eabi/10.3.1/../../../../arm-none-eabi/lib/thumb/v6-m/nofp\libc.a(lib_a-strcmp.o)
                              CMakeFiles/main.dir/events.c.obj (strcmp)
c:/rppicosdk/armcc/10 2021.10/bin/../lib/gcc/arm-none-eabi/10.3.1/../../../../arm-none-eabi/lib/thumb/v6-m/nofp\libc.a(lib_a-strlen-stub.o)
                              CMakeFiles/main.dir/C_/RPPicoSDK/sdk/pico-sdk/src/rp2_common/pico_stdio/stdio.c.obj (strlen)
c:/rppicosdk/armcc/10 2021.10/bin/../lib/gcc/arm-none-eabi/10.3.1/../../../../arm-none-eabi/lib/thumb/v6-m/nofp\libc.a(lib_a-freer.o)
                              c:/rppicosdk/armcc/10 2021.10/bin/../lib/gcc/arm-none-eabi/10.3.1/../../../../arm-none-eabi/lib/thumb/v6-m/nofp\libc.a(lib_a-malloc.o) (_free_r)
c:/rppicosdk/armcc/10 2021.10/bin/../lib/gcc/arm-none-eabi/10.3.1/../../../../arm-none-eabi/lib/thumb/v6-m/nofp\libc.a(lib_a-lock.o)
                              c:/rppicosdk/armcc/10 2021.10/bin/../lib/gcc/arm-none-eabi/10.3.1/../../../../arm-none-eabi/lib/thumb/v6-m/nofp\libc.a(lib_a-mlock.o) (__retarget_lock_acquire_recursive)
c:/rppicosdk/armcc/10 2021.10/bin/../lib/gcc/arm-none-eabi/10.3.1/../../../../arm-none-eabi/lib/thumb/v6-m/nofp\libc.a(lib_a-reent.o)
                              c:/rppicosdk/armcc/10 2021.10/bin/../lib/gcc/arm-none-eabi/10.3.1/../../../../arm-none-eabi/lib/thumb/v6-m/nofp\libc.a(lib_a-sbrkr.o) (errno)

Discarded input sections

 .text          0x00000000        0x0 c:/rppicosdk/armcc/10 2021.10/bin/../lib/gcc/arm-none-eabi/10.3.1/thumb/v6-m/nofp/crti.o
 .data          0x00000000        0x0 c:/rppicosdk/armcc/10 2021.10/bin/../lib/gcc/arm-none-eabi/10.3.1/thumb/v6-m/nofp/crti.o
 .bss           0x00000000        0x0 c:/rppicosdk/armcc/10 2021.10/bin/../lib/gcc/arm-none-eabi/10.3.1/thumb/v6-m/nofp/crti.o
 .data          0x00000000        0x4 c:/rppicosdk/armcc/10 2021.10/bin/../lib/gcc/arm-none-eabi/10.3.1/thumb/v6-m/nofp/crtbegin.o
[...]
Memory Configuration

Name             Origin             Length             Attributes
FLASH            0x10000000         0x00200000         xr
RAM              0x20000000         0x00040000         xrw
SCRATCH_X        0x20040000         0x00001000         xrw
SCRATCH_Y        0x20041000         0x00001000         xrw
*default*        0x00000000         0xffffffff

Linker script and memory map

LOAD c:/rppicosdk/armcc/10 2021.10/bin/../lib/gcc/arm-none-eabi/10.3.1/thumb/v6-m/nofp/crti.o
LOAD c:/rppicosdk/armcc/10 2021.10/bin/../lib/gcc/arm-none-eabi/10.3.1/thumb/v6-m/nofp/crtbegin.o
LOAD c:/rppicosdk/armcc/10 2021.10/bin/../lib/gcc/arm-none-eabi/10.3.1/../../../../arm-none-eabi/lib/thumb/v6-m/nofp/crt0.o

.flash_begin    0x10000000        0x0
                0x10000000                __flash_binary_start = .

.boot2          0x10000000      0x100
                0x10000000                __boot2_start__ = .
 *(.boot2)
 .boot2         0x10000000      0x100 C:\Users\ADMINI~1\AppData\Local\Temp\cc6Nt4B4.o
                0x10000100                __boot2_end__ = .
                0x00000001                ASSERT (((__boot2_end__ - __boot2_start__) == 0x100), ERROR: Pico second stage bootloader must be 256 bytes in size)

.text           0x10000100     0xa1b0
                0x10000100                __logical_binary_start = .
 *(.vectors)
 .vectors       0x10000100       0xd4 CMakeFiles/main.dir/C_/RPPicoSDK/sdk/pico-sdk/src/rp2_common/pico_standard_link/crt0.S.obj
                0x10000100                __VECTOR_TABLE
                0x10000100                __vectors
                0x100001c0                isr_invalid
                0x100001c0                __default_isrs_start
                0x100001c2                isr_nmi
                0x100001c4                isr_hardfault
                0x100001c6                isr_svcall
                0x100001c8                isr_pendsv
                0x100001ca                isr_systick
                0x100001cc                isr_irq23
                0x100001cc                isr_irq18
                0x100001cc                isr_irq11
                0x100001cc                isr_irq28
                0x100001cc                isr_irq19
                0x100001cc                isr_irq0
                0x100001cc                isr_irq6
                0x100001cc                isr_irq5
                0x100001cc                isr_irq12
                0x100001cc                isr_irq22
                0x100001cc                isr_irq31
                0x100001cc                isr_irq17
                0x100001cc                isr_irq27
                0x100001cc                isr_irq30
                0x100001cc                isr_irq2
                0x100001cc                isr_irq10
                0x100001cc                isr_irq8
                0x100001cc                isr_irq24
                0x100001cc                isr_irq1
                0x100001cc                isr_irq7
                0x100001cc                isr_irq21
                0x100001cc                isr_irq20
                0x100001cc                isr_irq15
                0x100001cc                isr_irq25
                0x100001cc                isr_irq13
                0x100001cc                __unhandled_user_irq
                0x100001cc                isr_irq4
                0x100001cc                isr_irq16
                0x100001cc                isr_irq29
                0x100001cc                isr_irq26
                0x100001cc                __default_isrs_end
                0x100001cc                isr_irq3
                0x100001cc                isr_irq14
                0x100001cc                isr_irq9
                0x100001d2                unhandled_user_irq_num_in_r0
 *(.binary_info_header)
 .binary_info_header
                0x100001d4       0x14 CMakeFiles/main.dir/C_/RPPicoSDK/sdk/pico-sdk/src/rp2_common/pico_standard_link/crt0.S.obj
                0x100001e8                __binary_info_header_end = .
 *(.reset)
 .reset         0x100001e8       0xa8 CMakeFiles/main.dir/C_/RPPicoSDK/sdk/pico-sdk/src/rp2_common/pico_standard_link/crt0.S.obj
                0x100001e8                _entry_point
                0x10000266                __get_current_exception
 .reset         0x10000290       0x30 CMakeFiles/main.dir/C_/RPPicoSDK/sdk/pico-sdk/src/rp2_common/pico_standard_link/binary_info.c.obj
 *(.init)
 .init          0x100002c0        0x4 c:/rppicosdk/armcc/10 2021.10/bin/../lib/gcc/arm-none-eabi/10.3.1/thumb/v6-m/nofp/crti.o
                0x100002c0                _init
 *(EXCLUDE_FILE(*libm.a: *libc.a:*lib_a-mem*.o *libgcc.a:) .text*)
 .text          0x100002c4       0x48 c:/rppicosdk/armcc/10 2021.10/bin/../lib/gcc/arm-none-eabi/10.3.1/thumb/v6-m/nofp/crtbegin.o
 .text.startup.main
                0x1000030c      0x38c CMakeFiles/main.dir/main.c.obj
                0x1000030c                main
 .text.eventTimer
                0x10000698       0xe0 CMakeFiles/main.dir/events.c.obj
                0x10000698                eventTimer
 .text.eventGpio
                0x10000778       0x2c CMakeFiles/main.dir/events.c.obj
                0x10000778                eventGpio
 .text.conversor_decimal
                0x100007a4      0x284 CMakeFiles/main.dir/events.c.obj
                0x100007a4                conversor_decimal
 .text.eventUart
                0x10000a28      0x1b4 CMakeFiles/main.dir/events.c.obj
                0x10000a28                eventUart
 .text.timerCallback
                0x10000bdc       0x14 CMakeFiles/main.dir/timer.c.obj
                0x10000bdc                timerCallback
 .text.timerInitialization
                0x10000bf0       0x3c CMakeFiles/main.dir/timer.c.obj
                0x10000bf0                timerInitialization
 .text.gpio_callback
                0x10000c2c       0x10 CMakeFiles/main.dir/gpio.c.obj
                0x10000c2c                gpio_callback
 .text.gpio_init_inputs
                0x10000c3c       0x30 CMakeFiles/main.dir/gpio.c.obj
                0x10000c3c                gpio_init_inputs
 .text.gpio_init_outputs
                0x10000c6c       0x30 CMakeFiles/main.dir/gpio.c.obj
                0x10000c6c                gpio_init_outputs
 .text.keyboard_init
                0x10000c9c       0x18 CMakeFiles/main.dir/keyboard.c.obj
                0x10000c9c                keyboard_init
 .text.capture_key
                0x10000cb4      0x184 CMakeFiles/main.dir/keyboard.c.obj
                0x10000cb4                capture_key
 .text.WriteCommandToLCD
                0x10000e38      0x29c CMakeFiles/main.dir/lcd.c.obj
                0x10000e38                WriteCommandToLCD
 .text.lcd_init
                0x100010d4      0x4cc CMakeFiles/main.dir/lcd.c.obj
                0x100010d4                lcd_init
 .text.WriteManyCharactersPosition
                0x100015a0      0x2e0 CMakeFiles/main.dir/lcd.c.obj
                0x100015a0                WriteManyCharactersPosition
 .text.WriteManyCharacters
                0x10001880      0x2d0 CMakeFiles/main.dir/lcd.c.obj
                0x10001880                WriteManyCharacters
 .text.lcd_clear
                0x10001b50      0x280 CMakeFiles/main.dir/lcd.c.obj
                0x10001b50                lcd_clear
 .text.init_eeprom
                0x10001dd0       0x44 CMakeFiles/main.dir/eeprom.c.obj
                0x10001dd0                init_eeprom
 .text.write_eeprom
                0x10001e14       0xd0 CMakeFiles/main.dir/eeprom.c.obj
                0x10001e14                write_eeprom
 .text.pos_eeprom
                0x10001ee4       0x2c CMakeFiles/main.dir/eeprom.c.obj
                0x10001ee4                pos_eeprom
 .text.read_eeprom
                0x10001f10       0x24 CMakeFiles/main.dir/eeprom.c.obj
                0x10001f10                read_eeprom
 .text.interrupt_rx
                0x10001f34       0x38 CMakeFiles/main.dir/uart.c.obj
                0x10001f34                interrupt_rx
 .text.init_uart
                0x10001f6c       0x64 CMakeFiles/main.dir/uart.c.obj
                0x10001f6c                init_uart
 .text.imprimir_plantilla1
                0x10001fd0       0x24 CMakeFiles/main.dir/plantilla.c.obj
                0x10001fd0                imprimir_plantilla1
 .text.imprimir_plantilla2
                0x10001ff4       0x10 CMakeFiles/main.dir/plantilla.c.obj
                0x10001ff4                imprimir_plantilla2
 .text.imprimir_plantilla3
                0x10002004       0x10 CMakeFiles/main.dir/plantilla.c.obj
                0x10002004                imprimir_plantilla3
 .text.gpio_irq_handler
                0x10002014       0x7c CMakeFiles/main.dir/C_/RPPicoSDK/sdk/pico-sdk/src/rp2_common/hardware_gpio/gpio.c.obj
 .text.gpio_set_function
                0x10002090       0x30 CMakeFiles/main.dir/C_/RPPicoSDK/sdk/pico-sdk/src/rp2_common/hardware_gpio/gpio.c.obj
                0x10002090                gpio_set_function
 .text.gpio_set_pulls
                0x100020c0       0x30 CMakeFiles/main.dir/C_/RPPicoSDK/sdk/pico-sdk/src/rp2_common/hardware_gpio/gpio.c.obj
                0x100020c0                gpio_set_pulls
 .text.gpio_set_irq_enabled
                0x100020f0       0x54 CMakeFiles/main.dir/C_/RPPicoSDK/sdk/pico-sdk/src/rp2_common/hardware_gpio/gpio.c.obj
                0x100020f0                gpio_set_irq_enabled
 .text.gpio_set_irq_enabled_with_callback
                0x10002144       0x78 CMakeFiles/main.dir/C_/RPPicoSDK/sdk/pico-sdk/src/rp2_common/hardware_gpio/gpio.c.obj
                0x10002144                gpio_set_irq_enabled_with_callback
 .text.gpio_init
                0x100021bc       0x3c CMakeFiles/main.dir/C_/RPPicoSDK/sdk/pico-sdk/src/rp2_common/hardware_gpio/gpio.c.obj
                0x100021bc                gpio_init
 .text.hw_claim_or_assert
                0x100021f8       0x44 CMakeFiles/main.dir/C_/RPPicoSDK/sdk/pico-sdk/src/rp2_common/hardware_claim/claim.c.obj
                0x100021f8                hw_claim_or_assert
 .text.hw_claim_unused_from_range
                0x1000223c       0x9c CMakeFiles/main.dir/C_/RPPicoSDK/sdk/pico-sdk/src/rp2_common/hardware_claim/claim.c.obj
                0x1000223c                hw_claim_unused_from_range
 .text.running_on_fpga
                0x100022d8       0x10 CMakeFiles/main.dir/C_/RPPicoSDK/sdk/pico-sdk/src/rp2_common/pico_platform/platform.c.obj
                0x100022d8                running_on_fpga
 .text.spin_locks_reset
                0x100022e8       0x1c CMakeFiles/main.dir/C_/RPPicoSDK/sdk/pico-sdk/src/rp2_common/hardware_sync/sync.c.obj
                0x100022e8                spin_locks_reset
 .text.next_striped_spin_lock_num
                0x10002304       0x18 CMakeFiles/main.dir/C_/RPPicoSDK/sdk/pico-sdk/src/rp2_common/hardware_sync/sync.c.obj
                0x10002304                next_striped_spin_lock_num
 .text.spin_lock_claim_unused
                0x1000231c       0x20 CMakeFiles/main.dir/C_/RPPicoSDK/sdk/pico-sdk/src/rp2_common/hardware_sync/sync.c.obj
                0x1000231c                spin_lock_claim_unused
 .text.uart_init
                0x1000233c       0xe0 CMakeFiles/main.dir/C_/RPPicoSDK/sdk/pico-sdk/src/rp2_common/hardware_uart/uart.c.obj
                0x1000233c                uart_init
 .text.timer_pool_entry_comparator
                0x1000241c       0x34 CMakeFiles/main.dir/C_/RPPicoSDK/sdk/pico-sdk/src/common/pico_time/time.c.obj
                0x1000241c                timer_pool_entry_comparator
 .text.repeating_timer_callback
                0x10002450       0x1c CMakeFiles/main.dir/C_/RPPicoSDK/sdk/pico-sdk/src/common/pico_time/time.c.obj
 .text.sleep_until_callback
                0x1000246c       0x30 CMakeFiles/main.dir/C_/RPPicoSDK/sdk/pico-sdk/src/common/pico_time/time.c.obj
 .text.add_alarm_under_lock.isra.0
                0x1000249c      0x100 CMakeFiles/main.dir/C_/RPPicoSDK/sdk/pico-sdk/src/common/pico_time/time.c.obj
 .text.alarm_pool_alarm_callback
                0x1000259c      0x1c8 CMakeFiles/main.dir/C_/RPPicoSDK/sdk/pico-sdk/src/common/pico_time/time.c.obj
 .text.alarm_pool_add_alarm_at.constprop.0
                0x10002764      0x11c CMakeFiles/main.dir/C_/RPPicoSDK/sdk/pico-sdk/src/common/pico_time/time.c.obj
 .text.alarm_pool_init_default
                0x10002880       0x64 CMakeFiles/main.dir/C_/RPPicoSDK/sdk/pico-sdk/src/common/pico_time/time.c.obj
                0x10002880                alarm_pool_init_default
 .text.alarm_pool_get_default
                0x100028e4        0x8 CMakeFiles/main.dir/C_/RPPicoSDK/sdk/pico-sdk/src/common/pico_time/time.c.obj
                0x100028e4                alarm_pool_get_default
 .text.alarm_pool_add_alarm_at
                0x100028ec      0x194 CMakeFiles/main.dir/C_/RPPicoSDK/sdk/pico-sdk/src/common/pico_time/time.c.obj
                0x100028ec                alarm_pool_add_alarm_at
 .text.alarm_pool_add_repeating_timer_us
                0x10002a80      0x22c CMakeFiles/main.dir/C_/RPPicoSDK/sdk/pico-sdk/src/common/pico_time/time.c.obj
                0x10002a80                alarm_pool_add_repeating_timer_us
 .text.sleep_until
                0x10002cac       0xac CMakeFiles/main.dir/C_/RPPicoSDK/sdk/pico-sdk/src/common/pico_time/time.c.obj
                0x10002cac                sleep_until
 .text.sleep_us
                0x10002d58       0x30 CMakeFiles/main.dir/C_/RPPicoSDK/sdk/pico-sdk/src/common/pico_time/time.c.obj
                0x10002d58                sleep_us
 .text.sleep_ms
                0x10002d88       0x38 CMakeFiles/main.dir/C_/RPPicoSDK/sdk/pico-sdk/src/common/pico_time/time.c.obj
                0x10002d88                sleep_ms
 .text.best_effort_wfe_or_timeout
                0x10002dc0       0xd4 CMakeFiles/main.dir/C_/RPPicoSDK/sdk/pico-sdk/src/common/pico_time/time.c.obj
                0x10002dc0                best_effort_wfe_or_timeout
 .text.hardware_alarm_irq_handler
                0x10002e94       0xb8 CMakeFiles/main.dir/C_/RPPicoSDK/sdk/pico-sdk/src/rp2_common/hardware_timer/timer.c.obj
 .text.hardware_alarm_claim
                0x10002f4c       0x18 CMakeFiles/main.dir/C_/RPPicoSDK/sdk/pico-sdk/src/rp2_common/hardware_timer/timer.c.obj
                0x10002f4c                hardware_alarm_claim
 .text.time_us_64
                0x10002f64       0x14 CMakeFiles/main.dir/C_/RPPicoSDK/sdk/pico-sdk/src/rp2_common/hardware_timer/timer.c.obj
                0x10002f64                time_us_64
 .text.busy_wait_until
                0x10002f78       0x20 CMakeFiles/main.dir/C_/RPPicoSDK/sdk/pico-sdk/src/rp2_common/hardware_timer/timer.c.obj
                0x10002f78                busy_wait_until
 .text.hardware_alarm_set_callback
                0x10002f98       0x8c CMakeFiles/main.dir/C_/RPPicoSDK/sdk/pico-sdk/src/rp2_common/hardware_timer/timer.c.obj
                0x10002f98                hardware_alarm_set_callback
 .text.hardware_alarm_set_target
                0x10003024       0xe0 CMakeFiles/main.dir/C_/RPPicoSDK/sdk/pico-sdk/src/rp2_common/hardware_timer/timer.c.obj
                0x10003024                hardware_alarm_set_target
 .text.hardware_alarm_cancel
                0x10003104       0x3c CMakeFiles/main.dir/C_/RPPicoSDK/sdk/pico-sdk/src/rp2_common/hardware_timer/timer.c.obj
                0x10003104                hardware_alarm_cancel
 .text.lock_init
                0x10003140       0x10 CMakeFiles/main.dir/C_/RPPicoSDK/sdk/pico-sdk/src/common/pico_sync/lock_core.c.obj
                0x10003140                lock_init
 .text.mutex_init
                0x10003150       0x1c CMakeFiles/main.dir/C_/RPPicoSDK/sdk/pico-sdk/src/common/pico_sync/mutex.c.obj
                0x10003150                mutex_init
 .text.recursive_mutex_init
                0x1000316c       0x1c CMakeFiles/main.dir/C_/RPPicoSDK/sdk/pico-sdk/src/common/pico_sync/mutex.c.obj
                0x1000316c                recursive_mutex_init
 .text.critical_section_init
                0x10003188       0x20 CMakeFiles/main.dir/C_/RPPicoSDK/sdk/pico-sdk/src/common/pico_sync/critical_section.c.obj
                0x10003188                critical_section_init
 .text.ph_merge_nodes
                0x100031a8       0x68 CMakeFiles/main.dir/C_/RPPicoSDK/sdk/pico-sdk/src/common/pico_util/pheap.c.obj
 .text.ph_post_alloc_init
                0x10003210       0x3c CMakeFiles/main.dir/C_/RPPicoSDK/sdk/pico-sdk/src/common/pico_util/pheap.c.obj
                0x10003210                ph_post_alloc_init
 .text.ph_merge_two_pass
                0x1000324c       0x90 CMakeFiles/main.dir/C_/RPPicoSDK/sdk/pico-sdk/src/common/pico_util/pheap.c.obj
                0x1000324c                ph_merge_two_pass
 .text.ph_remove_any_head
                0x100032dc       0xf8 CMakeFiles/main.dir/C_/RPPicoSDK/sdk/pico-sdk/src/common/pico_util/pheap.c.obj
 .text.ph_remove_head
                0x100033d4       0xfc CMakeFiles/main.dir/C_/RPPicoSDK/sdk/pico-sdk/src/common/pico_util/pheap.c.obj
                0x100033d4                ph_remove_head
 .text.ph_remove_and_free_node
                0x100034d0       0x7c CMakeFiles/main.dir/C_/RPPicoSDK/sdk/pico-sdk/src/common/pico_util/pheap.c.obj
                0x100034d0                ph_remove_and_free_node
 .text.runtime_init
                0x1000354c       0xf0 CMakeFiles/main.dir/C_/RPPicoSDK/sdk/pico-sdk/src/rp2_common/pico_runtime/runtime.c.obj
                0x1000354c                runtime_init
 .text.exit     0x1000363c        0x4 CMakeFiles/main.dir/C_/RPPicoSDK/sdk/pico-sdk/src/rp2_common/pico_runtime/runtime.c.obj
                0x1000363c                exit
 .text.panic    0x10003640       0x30 CMakeFiles/main.dir/C_/RPPicoSDK/sdk/pico-sdk/src/rp2_common/pico_runtime/runtime.c.obj
                0x10003640                panic
 .text.hard_assertion_failure
                0x10003670        0xc CMakeFiles/main.dir/C_/RPPicoSDK/sdk/pico-sdk/src/rp2_common/pico_runtime/runtime.c.obj
                0x10003670                hard_assertion_failure
 .text.clocks_init
                0x1000367c      0x2bc CMakeFiles/main.dir/C_/RPPicoSDK/sdk/pico-sdk/src/rp2_common/hardware_clocks/clocks.c.obj
                0x1000367c                clocks_init
 .text.clock_get_hz
                0x10003938        0xc CMakeFiles/main.dir/C_/RPPicoSDK/sdk/pico-sdk/src/rp2_common/hardware_clocks/clocks.c.obj
                0x10003938                clock_get_hz
 .text.irq_set_enabled
                0x10003944       0x24 CMakeFiles/main.dir/C_/RPPicoSDK/sdk/pico-sdk/src/rp2_common/hardware_irq/irq.c.obj
                0x10003944                irq_set_enabled
 .text.irq_set_pending
                0x10003968       0x10 CMakeFiles/main.dir/C_/RPPicoSDK/sdk/pico-sdk/src/rp2_common/hardware_irq/irq.c.obj
                0x10003968                irq_set_pending
 .text.irq_get_vtable_handler
                0x10003978       0x10 CMakeFiles/main.dir/C_/RPPicoSDK/sdk/pico-sdk/src/rp2_common/hardware_irq/irq.c.obj
                0x10003978                irq_get_vtable_handler
 .text.irq_set_exclusive_handler
                0x10003988       0x54 CMakeFiles/main.dir/C_/RPPicoSDK/sdk/pico-sdk/src/rp2_common/hardware_irq/irq.c.obj
                0x10003988                irq_set_exclusive_handler
 .text.irq_remove_handler
                0x100039dc      0x1b4 CMakeFiles/main.dir/C_/RPPicoSDK/sdk/pico-sdk/src/rp2_common/hardware_irq/irq.c.obj
                0x100039dc                irq_remove_handler
 .text.irq_add_tail_to_free_list
                0x10003b90       0xb4 CMakeFiles/main.dir/C_/RPPicoSDK/sdk/pico-sdk/src/rp2_common/hardware_irq/irq.c.obj
                0x10003b90                irq_add_tail_to_free_list
 .text.irq_init_priorities
                0x10003c44       0x24 CMakeFiles/main.dir/C_/RPPicoSDK/sdk/pico-sdk/src/rp2_common/hardware_irq/irq.c.obj
                0x10003c44                irq_init_priorities
 .text.pll_init
                0x10003c68       0xa8 CMakeFiles/main.dir/C_/RPPicoSDK/sdk/pico-sdk/src/rp2_common/hardware_pll/pll.c.obj
                0x10003c68                pll_init
 .text.watchdog_start_tick
                0x10003d10       0x10 CMakeFiles/main.dir/C_/RPPicoSDK/sdk/pico-sdk/src/rp2_common/hardware_watchdog/watchdog.c.obj
                0x10003d10                watchdog_start_tick
 .text.watchdog_reboot
                0x10003d20       0x98 CMakeFiles/main.dir/C_/RPPicoSDK/sdk/pico-sdk/src/rp2_common/hardware_watchdog/watchdog.c.obj
                0x10003d20                watchdog_reboot
 .text.xosc_init
                0x10003db8       0x28 CMakeFiles/main.dir/C_/RPPicoSDK/sdk/pico-sdk/src/rp2_common/hardware_xosc/xosc.c.obj
                0x10003db8                xosc_init
 .text._out_buffer
                0x10003de0        0x8 CMakeFiles/main.dir/C_/RPPicoSDK/sdk/pico-sdk/src/rp2_common/pico_printf/printf.c.obj
 .text._out_null
                0x10003de8        0x4 CMakeFiles/main.dir/C_/RPPicoSDK/sdk/pico-sdk/src/rp2_common/pico_printf/printf.c.obj
 .text._out_rev
                0x10003dec       0x9c CMakeFiles/main.dir/C_/RPPicoSDK/sdk/pico-sdk/src/rp2_common/pico_printf/printf.c.obj
 .text._ntoa_format
                0x10003e88      0x1cc CMakeFiles/main.dir/C_/RPPicoSDK/sdk/pico-sdk/src/rp2_common/pico_printf/printf.c.obj
 .text._out_char
                0x10004054       0x10 CMakeFiles/main.dir/C_/RPPicoSDK/sdk/pico-sdk/src/rp2_common/pico_printf/printf.c.obj
 .text._out_fct
                0x10004064       0x10 CMakeFiles/main.dir/C_/RPPicoSDK/sdk/pico-sdk/src/rp2_common/pico_printf/printf.c.obj
 .text._etoa    0x10004074      0x44c CMakeFiles/main.dir/C_/RPPicoSDK/sdk/pico-sdk/src/rp2_common/pico_printf/printf.c.obj
 .text._ftoa    0x100044c0      0x398 CMakeFiles/main.dir/C_/RPPicoSDK/sdk/pico-sdk/src/rp2_common/pico_printf/printf.c.obj
 .text._vsnprintf
                0x10004858      0xb04 CMakeFiles/main.dir/C_/RPPicoSDK/sdk/pico-sdk/src/rp2_common/pico_printf/printf.c.obj
 .text.__wrap_sprintf
                0x1000535c       0x28 CMakeFiles/main.dir/C_/RPPicoSDK/sdk/pico-sdk/src/rp2_common/pico_printf/printf.c.obj
                0x1000535c                __wrap_sprintf
 .text.vfctprintf
                0x10005384       0x20 CMakeFiles/main.dir/C_/RPPicoSDK/sdk/pico-sdk/src/rp2_common/pico_printf/printf.c.obj
                0x10005384                vfctprintf
 .text.weak_raw_vprintf
                0x100053a4       0x30 CMakeFiles/main.dir/C_/RPPicoSDK/sdk/pico-sdk/src/rp2_common/pico_printf/printf.c.obj
                0x100053a4                weak_raw_vprintf
 .text          0x100053d4       0x10 CMakeFiles/main.dir/C_/RPPicoSDK/sdk/pico-sdk/src/rp2_common/pico_bit_ops/bit_ops_aeabi.S.obj
 .text.rom_func_lookup
                0x100053e4       0x10 CMakeFiles/main.dir/C_/RPPicoSDK/sdk/pico-sdk/src/rp2_common/pico_bootrom/bootrom.c.obj
                0x100053e4                rom_func_lookup
 .text.rom_data_lookup
                0x100053f4       0x10 CMakeFiles/main.dir/C_/RPPicoSDK/sdk/pico-sdk/src/rp2_common/pico_bootrom/bootrom.c.obj
                0x100053f4                rom_data_lookup
 .text.rom_funcs_lookup
                0x10005404       0x44 CMakeFiles/main.dir/C_/RPPicoSDK/sdk/pico-sdk/src/rp2_common/pico_bootrom/bootrom.c.obj
                0x10005404                rom_funcs_lookup
 .text.__wrap___aeabi_idiv
                0x10005448       0x50 CMakeFiles/main.dir/C_/RPPicoSDK/sdk/pico-sdk/src/rp2_common/pico_divider/divider.S.obj
                0x10005448                __wrap___aeabi_idivmod
                0x10005448                divmod_s32s32
                0x10005448                div_s32s32
                0x10005448                __wrap___aeabi_idiv
                0x10005450                divmod_s32s32_unsafe
                0x1000547c                divmod_s32s32_savestate
 .text.__wrap___aeabi_uidiv
                0x10005498       0x4c CMakeFiles/main.dir/C_/RPPicoSDK/sdk/pico-sdk/src/rp2_common/pico_divider/divider.S.obj
                0x10005498                __wrap___aeabi_uidiv
                0x10005498                __wrap___aeabi_uidivmod
                0x10005498                div_u32u32
                0x10005498                divmod_u32u32
                0x100054a0                divmod_u32u32_unsafe
                0x100054c8                divmod_u32u32_savestate
 .text.__wrap___aeabi_ldiv
                0x100054e4      0x434 CMakeFiles/main.dir/C_/RPPicoSDK/sdk/pico-sdk/src/rp2_common/pico_divider/divider.S.obj
                0x100054e4                div_s64s64
                0x100054e4                divmod_s64s64
                0x100054e4                __wrap___aeabi_ldivmod
                0x1000551c                divmod_u64u64
                0x1000551c                div_u64u64
                0x1000551c                __wrap___aeabi_uldivmod
                0x1000552c                divmod_u64u64_savestate
                0x10005554                divmod_s64s64_unsafe
                0x100055dc                divmod_u64u64_unsafe
 .text.__wrap___aeabi_darithmetic
                0x10005918       0x80 CMakeFiles/main.dir/C_/RPPicoSDK/sdk/pico-sdk/src/rp2_common/pico_double/double_aeabi.S.obj
                0x10005918                __wrap___aeabi_drsub
                0x1000591e                __wrap___aeabi_dsub
                0x10005930                __wrap___aeabi_dadd
                0x10005942                __wrap___aeabi_ddiv
                0x1000597e                __wrap___aeabi_dmul
 .text.__wrap___aeabi_cdcmple
                0x10005998       0x6c CMakeFiles/main.dir/C_/RPPicoSDK/sdk/pico-sdk/src/rp2_common/pico_double/double_aeabi.S.obj
                0x10005998                __wrap___aeabi_cdrcmple
                0x100059a8                __wrap___aeabi_cdcmpeq
                0x100059a8                __wrap___aeabi_cdcmple
 .text.__wrap___aeabi_dcmpeq
                0x10005a04       0x10 CMakeFiles/main.dir/C_/RPPicoSDK/sdk/pico-sdk/src/rp2_common/pico_double/double_aeabi.S.obj
                0x10005a04                __wrap___aeabi_dcmpeq
 .text.__wrap___aeabi_dcmplt
                0x10005a14        0xc CMakeFiles/main.dir/C_/RPPicoSDK/sdk/pico-sdk/src/rp2_common/pico_double/double_aeabi.S.obj
                0x10005a14                __wrap___aeabi_dcmplt
 .text.__wrap___aeabi_dcmple
                0x10005a20       0x10 CMakeFiles/main.dir/C_/RPPicoSDK/sdk/pico-sdk/src/rp2_common/pico_double/double_aeabi.S.obj
                0x10005a20                __wrap___aeabi_dcmple
 .text.__wrap___aeabi_dcmpge
                0x10005a30       0x10 CMakeFiles/main.dir/C_/RPPicoSDK/sdk/pico-sdk/src/rp2_common/pico_double/double_aeabi.S.obj
                0x10005a30                __wrap___aeabi_dcmpge
 .text.__wrap___aeabi_dcmpgt
                0x10005a40        0xa CMakeFiles/main.dir/C_/RPPicoSDK/sdk/pico-sdk/src/rp2_common/pico_double/double_aeabi.S.obj
                0x10005a40                __wrap___aeabi_dcmpgt
 .text.__wrap___aeabi_dcmpun
                0x10005a4a       0x1c CMakeFiles/main.dir/C_/RPPicoSDK/sdk/pico-sdk/src/rp2_common/pico_double/double_aeabi.S.obj
                0x10005a4a                __wrap___aeabi_dcmpun
 *fill*         0x10005a66        0x2 
 .text.__wrap___aeabi_i2d
                0x10005a68       0x38 CMakeFiles/main.dir/C_/RPPicoSDK/sdk/pico-sdk/src/rp2_common/pico_double/double_aeabi.S.obj
                0x10005a68                __wrap___aeabi_ui2d
                0x10005a70                __wrap___aeabi_i2d
 .text.__wrap___aeabi_d2iz
                0x10005aa0       0x48 CMakeFiles/main.dir/C_/RPPicoSDK/sdk/pico-sdk/src/rp2_common/pico_double/double_aeabi.S.obj
                0x10005aa0                double2int_z
                0x10005aa0                __wrap___aeabi_d2iz
 .text.__wrap___aeabi_d2uiz
                0x10005ae8       0x18 CMakeFiles/main.dir/C_/RPPicoSDK/sdk/pico-sdk/src/rp2_common/pico_double/double_aeabi.S.obj
                0x10005ae8                __wrap___aeabi_d2uiz
                0x10005ae8                double2uint
 .text.__wrap___aeabi_d2f
                0x10005b00       0x18 CMakeFiles/main.dir/C_/RPPicoSDK/sdk/pico-sdk/src/rp2_common/pico_double/double_aeabi.S.obj
                0x10005b00                __wrap___aeabi_d2f
 .text.__wrap_exp
                0x10005b18       0x18 CMakeFiles/main.dir/C_/RPPicoSDK/sdk/pico-sdk/src/rp2_common/pico_double/double_aeabi.S.obj
                0x10005b18                __wrap_exp
 .text.__wrap_log
                0x10005b30       0x18 CMakeFiles/main.dir/C_/RPPicoSDK/sdk/pico-sdk/src/rp2_common/pico_double/double_aeabi.S.obj
                0x10005b30                __wrap_log
 .text.__aeabi_double_init
                0x10005b48       0x94 CMakeFiles/main.dir/C_/RPPicoSDK/sdk/pico-sdk/src/rp2_common/pico_double/double_init_rom.c.obj
                0x10005b48                __aeabi_double_init
 .text.dpow_1   0x10005bdc      0x274 CMakeFiles/main.dir/C_/RPPicoSDK/sdk/pico-sdk/src/rp2_common/pico_double/double_math.c.obj
 .text.dpow_int2
                0x10005e50       0xf8 CMakeFiles/main.dir/C_/RPPicoSDK/sdk/pico-sdk/src/rp2_common/pico_double/double_math.c.obj
 .text.dpow_0   0x10005f48      0x1cc CMakeFiles/main.dir/C_/RPPicoSDK/sdk/pico-sdk/src/rp2_common/pico_double/double_math.c.obj
 .text.__wrap_ldexp
                0x10006114       0x4c CMakeFiles/main.dir/C_/RPPicoSDK/sdk/pico-sdk/src/rp2_common/pico_double/double_math.c.obj
                0x10006114                __wrap_ldexp
 .text.__wrap_round
                0x10006160       0xa0 CMakeFiles/main.dir/C_/RPPicoSDK/sdk/pico-sdk/src/rp2_common/pico_double/double_math.c.obj
                0x10006160                __wrap_round
 .text.__wrap_exp2
                0x10006200       0xbc CMakeFiles/main.dir/C_/RPPicoSDK/sdk/pico-sdk/src/rp2_common/pico_double/double_math.c.obj
                0x10006200                __wrap_exp2
 .text.__wrap_pow
                0x100062bc      0x314 CMakeFiles/main.dir/C_/RPPicoSDK/sdk/pico-sdk/src/rp2_common/pico_double/double_math.c.obj
                0x100062bc                __wrap_pow
 .text.double_table_shim_on_use_helper
                0x100065d0       0x2c CMakeFiles/main.dir/C_/RPPicoSDK/sdk/pico-sdk/src/rp2_common/pico_double/double_v1_rom_shim.S.obj
                0x100065d0                double_table_shim_on_use_helper
 .text.__wrap___aeabi_dsub
                0x100065fc       0x10 CMakeFiles/main.dir/C_/RPPicoSDK/sdk/pico-sdk/src/rp2_common/pico_double/double_v1_rom_shim.S.obj
                0x100065fc                drsub_shim
                0x10006602                dsub_shim
 .text.dadd_shim
                0x1000660c      0x15c CMakeFiles/main.dir/C_/RPPicoSDK/sdk/pico-sdk/src/rp2_common/pico_double/double_v1_rom_shim.S.obj
                0x1000660c                dadd_shim
 .text.dmul_shim
                0x10006768      0x15c CMakeFiles/main.dir/C_/RPPicoSDK/sdk/pico-sdk/src/rp2_common/pico_double/double_v1_rom_shim.S.obj
                0x10006768                dmul_shim
 .text.ddiv_shim
                0x100068c4      0x1b0 CMakeFiles/main.dir/C_/RPPicoSDK/sdk/pico-sdk/src/rp2_common/pico_double/double_v1_rom_shim.S.obj
                0x100068c4                ddiv_shim
 .text.double2uint_shim
                0x10006a74        0xe CMakeFiles/main.dir/C_/RPPicoSDK/sdk/pico-sdk/src/rp2_common/pico_double/double_v1_rom_shim.S.obj
                0x10006a74                double2uint_shim
                0x10006a76                double2ufix_shim
 *fill*         0x10006a82        0x2 
 .text.double2uint64_shim
                0x10006a84       0x70 CMakeFiles/main.dir/C_/RPPicoSDK/sdk/pico-sdk/src/rp2_common/pico_double/double_v1_rom_shim.S.obj
                0x10006a84                double2uint64_shim
                0x10006a86                double2ufix64_shim
                0x10006aa6                d2fix_a
 .text.double2float_shim
                0x10006af4       0x5c CMakeFiles/main.dir/C_/RPPicoSDK/sdk/pico-sdk/src/rp2_common/pico_double/double_v1_rom_shim.S.obj
                0x10006af4                double2float_shim
 .text.x2double_shims
                0x10006b50       0x90 CMakeFiles/main.dir/C_/RPPicoSDK/sdk/pico-sdk/src/rp2_common/pico_double/double_v1_rom_shim.S.obj
                0x10006b50                uint2double_shim
                0x10006b52                ufix2double_shim
                0x10006b58                int2double_shim
                0x10006b5a                fix2double_shim
                0x10006b60                uint642double_shim
                0x10006b62                ufix642double_shim
                0x10006b68                int642double_shim
                0x10006b6a                fix642double_shim
 .text.dunpacks
                0x10006be0       0x3c CMakeFiles/main.dir/C_/RPPicoSDK/sdk/pico-sdk/src/rp2_common/pico_double/double_v1_rom_shim.S.obj
                0x10006be0                dunpacks
 .text.dreduce  0x10006c1c       0x82 CMakeFiles/main.dir/C_/RPPicoSDK/sdk/pico-sdk/src/rp2_common/pico_double/double_v1_rom_shim.S.obj
                0x10006c1c                dreduce
 *fill*         0x10006c9e        0x2 
 .text.dexp_guts
                0x10006ca0      0x268 CMakeFiles/main.dir/C_/RPPicoSDK/sdk/pico-sdk/src/rp2_common/pico_double/double_v1_rom_shim.S.obj
                0x10006ca0                dexp_shim
                0x10006d3c                dln_shim
 .text.__aeabi_lmul
                0x10006f08       0x32 CMakeFiles/main.dir/C_/RPPicoSDK/sdk/pico-sdk/src/rp2_common/pico_int64_ops/pico_int64_ops_aeabi.S.obj
                0x10006f08                __wrap___aeabi_lmul
 *fill*         0x10006f3a        0x2 
 .text.__wrap___aeabi_farithmetic
                0x10006f3c       0x48 CMakeFiles/main.dir/C_/RPPicoSDK/sdk/pico-sdk/src/rp2_common/pico_float/float_aeabi.S.obj
                0x10006f3c                __wrap___aeabi_frsub
                0x10006f42                __wrap___aeabi_fsub
                0x10006f48                __wrap___aeabi_fadd
                0x10006f4e                __wrap___aeabi_fdiv
                0x10006f76                __wrap___aeabi_fmul
 .text.__wrap___aeabi_cfcmple
                0x10006f84       0x50 CMakeFiles/main.dir/C_/RPPicoSDK/sdk/pico-sdk/src/rp2_common/pico_float/float_aeabi.S.obj
                0x10006f84                __wrap___aeabi_cfrcmple
                0x10006f90                __wrap___aeabi_cfcmple
                0x10006f90                __wrap___aeabi_cfcmpeq
 .text.__wrap___aeabi_fcmpge
                0x10006fd4       0x10 CMakeFiles/main.dir/C_/RPPicoSDK/sdk/pico-sdk/src/rp2_common/pico_float/float_aeabi.S.obj
                0x10006fd4                __wrap___aeabi_fcmpge
 .text.__wrap___aeabi_i2f
                0x10006fe4       0x44 CMakeFiles/main.dir/C_/RPPicoSDK/sdk/pico-sdk/src/rp2_common/pico_float/float_aeabi.S.obj
                0x10006fe4                __wrap___aeabi_i2f
 .text.__wrap___aeabi_f2d
                0x10007028       0x14 CMakeFiles/main.dir/C_/RPPicoSDK/sdk/pico-sdk/src/rp2_common/pico_float/float_aeabi.S.obj
                0x10007028                __wrap___aeabi_f2d
 .text.__aeabi_float_init
                0x1000703c       0x64 CMakeFiles/main.dir/C_/RPPicoSDK/sdk/pico-sdk/src/rp2_common/pico_float/float_init_rom.c.obj
                0x1000703c                __aeabi_float_init
 .text.float_table_shim_on_use_helper
                0x100070a0       0x2c CMakeFiles/main.dir/C_/RPPicoSDK/sdk/pico-sdk/src/rp2_common/pico_float/float_v1_rom_shim.S.obj
                0x100070a0                float_table_shim_on_use_helper
 .text.float2double_shim
                0x100070cc       0x30 CMakeFiles/main.dir/C_/RPPicoSDK/sdk/pico-sdk/src/rp2_common/pico_float/float_v1_rom_shim.S.obj
                0x100070cc                float2double_shim
 .text          0x100070fc       0x10 CMakeFiles/main.dir/C_/RPPicoSDK/sdk/pico-sdk/src/rp2_common/pico_mem_ops/mem_ops_aeabi.S.obj
                0x100070fc                __aeabi_mem_init
 .text.memset   0x1000710c        0xc CMakeFiles/main.dir/C_/RPPicoSDK/sdk/pico-sdk/src/rp2_common/pico_mem_ops/mem_ops_aeabi.S.obj
                0x1000710c                __wrap_memset
 .text.memcpy   0x10007118        0xc CMakeFiles/main.dir/C_/RPPicoSDK/sdk/pico-sdk/src/rp2_common/pico_mem_ops/mem_ops_aeabi.S.obj
                0x10007118                __wrap_memcpy
                0x10007118                __wrap___aeabi_memcpy
 .text.stdio_out_chars_no_crlf
                0x10007124       0x10 CMakeFiles/main.dir/C_/RPPicoSDK/sdk/pico-sdk/src/rp2_common/pico_stdio/stdio.c.obj
 .text.stdio_out_chars_crlf
                0x10007134       0xb4 CMakeFiles/main.dir/C_/RPPicoSDK/sdk/pico-sdk/src/rp2_common/pico_stdio/stdio.c.obj
 .text.stdio_buffered_printer
                0x100071e8       0x64 CMakeFiles/main.dir/C_/RPPicoSDK/sdk/pico-sdk/src/rp2_common/pico_stdio/stdio.c.obj
 .text.stdio_put_string.isra.0
                0x1000724c       0xfc CMakeFiles/main.dir/C_/RPPicoSDK/sdk/pico-sdk/src/rp2_common/pico_stdio/stdio.c.obj
 .text.__wrap_putchar
                0x10007348       0xa0 CMakeFiles/main.dir/C_/RPPicoSDK/sdk/pico-sdk/src/rp2_common/pico_stdio/stdio.c.obj
                0x10007348                __wrap_putchar
 .text.__wrap_puts
                0x100073e8       0x3c CMakeFiles/main.dir/C_/RPPicoSDK/sdk/pico-sdk/src/rp2_common/pico_stdio/stdio.c.obj
                0x100073e8                __wrap_puts
 .text.stdio_set_driver_enabled
                0x10007424       0x3c CMakeFiles/main.dir/C_/RPPicoSDK/sdk/pico-sdk/src/rp2_common/pico_stdio/stdio.c.obj
                0x10007424                stdio_set_driver_enabled
 .text.__wrap_vprintf
                0x10007460       0xd8 CMakeFiles/main.dir/C_/RPPicoSDK/sdk/pico-sdk/src/rp2_common/pico_stdio/stdio.c.obj
                0x10007460                __wrap_vprintf
 .text.__wrap_printf
                0x10007538       0x18 CMakeFiles/main.dir/C_/RPPicoSDK/sdk/pico-sdk/src/rp2_common/pico_stdio/stdio.c.obj
                0x10007538                __wrap_printf
 .text.stdio_init_all
                0x10007550        0x8 CMakeFiles/main.dir/C_/RPPicoSDK/sdk/pico-sdk/src/rp2_common/pico_stdio/stdio.c.obj
                0x10007550                stdio_init_all
 .text.resetd_init
                0x10007558        0x4 CMakeFiles/main.dir/C_/RPPicoSDK/sdk/pico-sdk/src/rp2_common/pico_stdio_usb/reset_interface.c.obj
 .text.resetd_reset
                0x1000755c        0xc CMakeFiles/main.dir/C_/RPPicoSDK/sdk/pico-sdk/src/rp2_common/pico_stdio_usb/reset_interface.c.obj
 .text.resetd_open
                0x10007568       0x28 CMakeFiles/main.dir/C_/RPPicoSDK/sdk/pico-sdk/src/rp2_common/pico_stdio_usb/reset_interface.c.obj
 .text.resetd_xfer_cb
                0x10007590        0x4 CMakeFiles/main.dir/C_/RPPicoSDK/sdk/pico-sdk/src/rp2_common/pico_stdio_usb/reset_interface.c.obj
 .text.resetd_control_xfer_cb
                0x10007594       0x64 CMakeFiles/main.dir/C_/RPPicoSDK/sdk/pico-sdk/src/rp2_common/pico_stdio_usb/reset_interface.c.obj
 .text.usbd_app_driver_get_cb
                0x100075f8        0xc CMakeFiles/main.dir/C_/RPPicoSDK/sdk/pico-sdk/src/rp2_common/pico_stdio_usb/reset_interface.c.obj
                0x100075f8                usbd_app_driver_get_cb
 .text.tud_cdc_line_coding_cb
                0x10007604       0x34 CMakeFiles/main.dir/C_/RPPicoSDK/sdk/pico-sdk/src/rp2_common/pico_stdio_usb/reset_interface.c.obj
                0x10007604                tud_cdc_line_coding_cb
 .text.stdio_usb_in_chars
                0x10007638       0x68 CMakeFiles/main.dir/C_/RPPicoSDK/sdk/pico-sdk/src/rp2_common/pico_stdio_usb/stdio_usb.c.obj
                0x10007638                stdio_usb_in_chars
 .text.stdio_usb_out_chars
                0x100076a0       0xe4 CMakeFiles/main.dir/C_/RPPicoSDK/sdk/pico-sdk/src/rp2_common/pico_stdio_usb/stdio_usb.c.obj
 .text.timer_task
                0x10007784       0x10 CMakeFiles/main.dir/C_/RPPicoSDK/sdk/pico-sdk/src/rp2_common/pico_stdio_usb/stdio_usb.c.obj
 .text.low_priority_worker_irq
                0x10007794       0x24 CMakeFiles/main.dir/C_/RPPicoSDK/sdk/pico-sdk/src/rp2_common/pico_stdio_usb/stdio_usb.c.obj
 .text.stdio_usb_init
                0x100077b8       0x90 CMakeFiles/main.dir/C_/RPPicoSDK/sdk/pico-sdk/src/rp2_common/pico_stdio_usb/stdio_usb.c.obj
                0x100077b8                stdio_usb_init
 .text.stdio_usb_connected
                0x10007848        0xc CMakeFiles/main.dir/C_/RPPicoSDK/sdk/pico-sdk/src/rp2_common/pico_stdio_usb/stdio_usb.c.obj
                0x10007848                stdio_usb_connected
 .text.tud_descriptor_device_cb
                0x10007854        0x8 CMakeFiles/main.dir/C_/RPPicoSDK/sdk/pico-sdk/src/rp2_common/pico_stdio_usb/stdio_usb_descriptors.c.obj
                0x10007854                tud_descriptor_device_cb
 .text.tud_descriptor_configuration_cb
                0x1000785c        0x8 CMakeFiles/main.dir/C_/RPPicoSDK/sdk/pico-sdk/src/rp2_common/pico_stdio_usb/stdio_usb_descriptors.c.obj
                0x1000785c                tud_descriptor_configuration_cb
 .text.tud_descriptor_string_cb
                0x10007864       0x74 CMakeFiles/main.dir/C_/RPPicoSDK/sdk/pico-sdk/src/rp2_common/pico_stdio_usb/stdio_usb_descriptors.c.obj
                0x10007864                tud_descriptor_string_cb
 .text.dcd_rp2040_irq
                0x100078d8      0x21c CMakeFiles/main.dir/C_/RPPicoSDK/sdk/pico-sdk/lib/tinyusb/src/portable/raspberrypi/rp2040/dcd_rp2040.c.obj
 .text.dcd_int_enable
                0x10007af4        0xc CMakeFiles/main.dir/C_/RPPicoSDK/sdk/pico-sdk/lib/tinyusb/src/portable/raspberrypi/rp2040/dcd_rp2040.c.obj
                0x10007af4                dcd_int_enable
 .text.dcd_set_address
                0x10007b00       0x14 CMakeFiles/main.dir/C_/RPPicoSDK/sdk/pico-sdk/lib/tinyusb/src/portable/raspberrypi/rp2040/dcd_rp2040.c.obj
                0x10007b00                dcd_set_address
 .text.dcd_connect
                0x10007b14       0x10 CMakeFiles/main.dir/C_/RPPicoSDK/sdk/pico-sdk/lib/tinyusb/src/portable/raspberrypi/rp2040/dcd_rp2040.c.obj
                0x10007b14                dcd_connect
 .text.dcd_init
                0x10007b24      0x144 CMakeFiles/main.dir/C_/RPPicoSDK/sdk/pico-sdk/lib/tinyusb/src/portable/raspberrypi/rp2040/dcd_rp2040.c.obj
                0x10007b24                dcd_init
 .text.dcd_edpt0_status_complete
                0x10007c68       0x1c CMakeFiles/main.dir/C_/RPPicoSDK/sdk/pico-sdk/lib/tinyusb/src/portable/raspberrypi/rp2040/dcd_rp2040.c.obj
                0x10007c68                dcd_edpt0_status_complete
 .text.dcd_edpt_open
                0x10007c84       0xf0 CMakeFiles/main.dir/C_/RPPicoSDK/sdk/pico-sdk/lib/tinyusb/src/portable/raspberrypi/rp2040/dcd_rp2040.c.obj
                0x10007c84                dcd_edpt_open
 .text.dcd_edpt_close_all
                0x10007d74       0xbc CMakeFiles/main.dir/C_/RPPicoSDK/sdk/pico-sdk/lib/tinyusb/src/portable/raspberrypi/rp2040/dcd_rp2040.c.obj
                0x10007d74                dcd_edpt_close_all
 .text.dcd_edpt_xfer
                0x10007e30       0x24 CMakeFiles/main.dir/C_/RPPicoSDK/sdk/pico-sdk/lib/tinyusb/src/portable/raspberrypi/rp2040/dcd_rp2040.c.obj
                0x10007e30                dcd_edpt_xfer
 .text.dcd_edpt_stall
                0x10007e54       0x38 CMakeFiles/main.dir/C_/RPPicoSDK/sdk/pico-sdk/lib/tinyusb/src/portable/raspberrypi/rp2040/dcd_rp2040.c.obj
                0x10007e54                dcd_edpt_stall
 .text.dcd_edpt_clear_stall
                0x10007e8c       0x30 CMakeFiles/main.dir/C_/RPPicoSDK/sdk/pico-sdk/lib/tinyusb/src/portable/raspberrypi/rp2040/dcd_rp2040.c.obj
                0x10007e8c                dcd_edpt_clear_stall
 .text._hw_endpoint_buffer_control_update32.part.0.isra.0
                0x10007ebc       0x1c CMakeFiles/main.dir/C_/RPPicoSDK/sdk/pico-sdk/lib/tinyusb/src/portable/raspberrypi/rp2040/rp2040_usb.c.obj
 .text.rp2040_usb_init
                0x10007ed8       0x4c CMakeFiles/main.dir/C_/RPPicoSDK/sdk/pico-sdk/lib/tinyusb/src/portable/raspberrypi/rp2040/rp2040_usb.c.obj
                0x10007ed8                rp2040_usb_init
 .text.hw_endpoint_reset_transfer
                0x10007f24        0xc CMakeFiles/main.dir/C_/RPPicoSDK/sdk/pico-sdk/lib/tinyusb/src/portable/raspberrypi/rp2040/rp2040_usb.c.obj
                0x10007f24                hw_endpoint_reset_transfer
 .text._hw_endpoint_buffer_control_update32
                0x10007f30       0x44 CMakeFiles/main.dir/C_/RPPicoSDK/sdk/pico-sdk/lib/tinyusb/src/portable/raspberrypi/rp2040/rp2040_usb.c.obj
                0x10007f30                _hw_endpoint_buffer_control_update32
 .text.hw_endpoint_xfer_start
                0x10007f74      0x138 CMakeFiles/main.dir/C_/RPPicoSDK/sdk/pico-sdk/lib/tinyusb/src/portable/raspberrypi/rp2040/rp2040_usb.c.obj
                0x10007f74                hw_endpoint_xfer_start
 .text.hw_endpoint_xfer_continue
                0x100080ac      0x1e4 CMakeFiles/main.dir/C_/RPPicoSDK/sdk/pico-sdk/lib/tinyusb/src/portable/raspberrypi/rp2040/rp2040_usb.c.obj
                0x100080ac                hw_endpoint_xfer_continue
 .text.tud_mounted
                0x10008290       0x10 CMakeFiles/main.dir/C_/RPPicoSDK/sdk/pico-sdk/lib/tinyusb/src/device/usbd.c.obj
                0x10008290                tud_mounted
 .text.tud_suspended
                0x100082a0       0x10 CMakeFiles/main.dir/C_/RPPicoSDK/sdk/pico-sdk/lib/tinyusb/src/device/usbd.c.obj
                0x100082a0                tud_suspended
 .text.tud_inited
                0x100082b0        0xc CMakeFiles/main.dir/C_/RPPicoSDK/sdk/pico-sdk/lib/tinyusb/src/device/usbd.c.obj
                0x100082b0                tud_inited
 .text.tud_init
                0x100082bc       0xd8 CMakeFiles/main.dir/C_/RPPicoSDK/sdk/pico-sdk/lib/tinyusb/src/device/usbd.c.obj
                0x100082bc                tud_init
 .text.tud_task
                0x10008394      0x8ec CMakeFiles/main.dir/C_/RPPicoSDK/sdk/pico-sdk/lib/tinyusb/src/device/usbd.c.obj
                0x10008394                tud_task
 .text.dcd_event_bus_signal
                0x10008c80      0x120 CMakeFiles/main.dir/C_/RPPicoSDK/sdk/pico-sdk/lib/tinyusb/src/device/usbd.c.obj
                0x10008c80                dcd_event_bus_signal
 .text.dcd_event_bus_reset
                0x10008da0       0x54 CMakeFiles/main.dir/C_/RPPicoSDK/sdk/pico-sdk/lib/tinyusb/src/device/usbd.c.obj
                0x10008da0                dcd_event_bus_reset
 .text.dcd_event_setup_received
                0x10008df4       0x50 CMakeFiles/main.dir/C_/RPPicoSDK/sdk/pico-sdk/lib/tinyusb/src/device/usbd.c.obj
                0x10008df4                dcd_event_setup_received
 .text.dcd_event_xfer_complete
                0x10008e44       0x68 CMakeFiles/main.dir/C_/RPPicoSDK/sdk/pico-sdk/lib/tinyusb/src/device/usbd.c.obj
                0x10008e44                dcd_event_xfer_complete
 .text.usbd_open_edpt_pair
                0x10008eac       0x80 CMakeFiles/main.dir/C_/RPPicoSDK/sdk/pico-sdk/lib/tinyusb/src/device/usbd.c.obj
                0x10008eac                usbd_open_edpt_pair
 .text.usbd_edpt_open
                0x10008f2c       0x30 CMakeFiles/main.dir/C_/RPPicoSDK/sdk/pico-sdk/lib/tinyusb/src/device/usbd.c.obj
                0x10008f2c                usbd_edpt_open
 .text.usbd_edpt_claim
                0x10008f5c       0x64 CMakeFiles/main.dir/C_/RPPicoSDK/sdk/pico-sdk/lib/tinyusb/src/device/usbd.c.obj
                0x10008f5c                usbd_edpt_claim
 .text.usbd_edpt_release
                0x10008fc0       0x4c CMakeFiles/main.dir/C_/RPPicoSDK/sdk/pico-sdk/lib/tinyusb/src/device/usbd.c.obj
                0x10008fc0                usbd_edpt_release
 .text.usbd_edpt_xfer
                0x1000900c       0x48 CMakeFiles/main.dir/C_/RPPicoSDK/sdk/pico-sdk/lib/tinyusb/src/device/usbd.c.obj
                0x1000900c                usbd_edpt_xfer
 .text.tud_control_status
                0x10009054       0x30 CMakeFiles/main.dir/C_/RPPicoSDK/sdk/pico-sdk/lib/tinyusb/src/device/usbd_control.c.obj
                0x10009054                tud_control_status
 .text.tud_control_xfer
                0x10009084       0xbc CMakeFiles/main.dir/C_/RPPicoSDK/sdk/pico-sdk/lib/tinyusb/src/device/usbd_control.c.obj
                0x10009084                tud_control_xfer
 .text.usbd_control_reset
                0x10009140       0x14 CMakeFiles/main.dir/C_/RPPicoSDK/sdk/pico-sdk/lib/tinyusb/src/device/usbd_control.c.obj
                0x10009140                usbd_control_reset
 .text.usbd_control_set_complete_callback
                0x10009154        0xc CMakeFiles/main.dir/C_/RPPicoSDK/sdk/pico-sdk/lib/tinyusb/src/device/usbd_control.c.obj
                0x10009154                usbd_control_set_complete_callback
 .text.usbd_control_set_request
                0x10009160       0x1c CMakeFiles/main.dir/C_/RPPicoSDK/sdk/pico-sdk/lib/tinyusb/src/device/usbd_control.c.obj
                0x10009160                usbd_control_set_request
 .text.usbd_control_xfer_cb
                0x1000917c       0xfc CMakeFiles/main.dir/C_/RPPicoSDK/sdk/pico-sdk/lib/tinyusb/src/device/usbd_control.c.obj
                0x1000917c                usbd_control_xfer_cb
 .text.tud_cdc_n_connected
                0x10009278       0x30 CMakeFiles/main.dir/C_/RPPicoSDK/sdk/pico-sdk/lib/tinyusb/src/class/cdc/cdc_device.c.obj
                0x10009278                tud_cdc_n_connected
 .text.tud_cdc_n_available
                0x100092a8       0x18 CMakeFiles/main.dir/C_/RPPicoSDK/sdk/pico-sdk/lib/tinyusb/src/class/cdc/cdc_device.c.obj
                0x100092a8                tud_cdc_n_available
 .text.tud_cdc_n_read
                0x100092c0       0x70 CMakeFiles/main.dir/C_/RPPicoSDK/sdk/pico-sdk/lib/tinyusb/src/class/cdc/cdc_device.c.obj
                0x100092c0                tud_cdc_n_read
 .text.tud_cdc_n_write_flush
                0x10009330       0x78 CMakeFiles/main.dir/C_/RPPicoSDK/sdk/pico-sdk/lib/tinyusb/src/class/cdc/cdc_device.c.obj
                0x10009330                tud_cdc_n_write_flush
 .text.tud_cdc_n_write
                0x100093a8       0x34 CMakeFiles/main.dir/C_/RPPicoSDK/sdk/pico-sdk/lib/tinyusb/src/class/cdc/cdc_device.c.obj
                0x100093a8                tud_cdc_n_write
 .text.tud_cdc_n_write_available
                0x100093dc       0x18 CMakeFiles/main.dir/C_/RPPicoSDK/sdk/pico-sdk/lib/tinyusb/src/class/cdc/cdc_device.c.obj
                0x100093dc                tud_cdc_n_write_available
 .text.cdcd_init
                0x100093f4       0x7c CMakeFiles/main.dir/C_/RPPicoSDK/sdk/pico-sdk/lib/tinyusb/src/class/cdc/cdc_device.c.obj
                0x100093f4                cdcd_init
 .text.cdcd_reset
                0x10009470       0x2c CMakeFiles/main.dir/C_/RPPicoSDK/sdk/pico-sdk/lib/tinyusb/src/class/cdc/cdc_device.c.obj
                0x10009470                cdcd_reset
 .text.cdcd_open
                0x1000949c       0xe4 CMakeFiles/main.dir/C_/RPPicoSDK/sdk/pico-sdk/lib/tinyusb/src/class/cdc/cdc_device.c.obj
                0x1000949c                cdcd_open
 .text.cdcd_control_xfer_cb
                0x10009580       0xe4 CMakeFiles/main.dir/C_/RPPicoSDK/sdk/pico-sdk/lib/tinyusb/src/class/cdc/cdc_device.c.obj
                0x10009580                cdcd_control_xfer_cb
 .text.cdcd_xfer_cb
                0x10009664      0x148 CMakeFiles/main.dir/C_/RPPicoSDK/sdk/pico-sdk/lib/tinyusb/src/class/cdc/cdc_device.c.obj
                0x10009664                cdcd_xfer_cb
 .text.tusb_init
                0x100097ac        0xc CMakeFiles/main.dir/C_/RPPicoSDK/sdk/pico-sdk/lib/tinyusb/src/tusb.c.obj
                0x100097ac                tusb_init
 .text.tusb_inited
                0x100097b8        0x8 CMakeFiles/main.dir/C_/RPPicoSDK/sdk/pico-sdk/lib/tinyusb/src/tusb.c.obj
                0x100097b8                tusb_inited
 .text.tu_edpt_validate
                0x100097c0       0x78 CMakeFiles/main.dir/C_/RPPicoSDK/sdk/pico-sdk/lib/tinyusb/src/tusb.c.obj
                0x100097c0                tu_edpt_validate
 .text.tu_edpt_bind_driver
                0x10009838       0x2c CMakeFiles/main.dir/C_/RPPicoSDK/sdk/pico-sdk/lib/tinyusb/src/tusb.c.obj
                0x10009838                tu_edpt_bind_driver
 .text.tu_fifo_config
                0x10009864       0x78 CMakeFiles/main.dir/C_/RPPicoSDK/sdk/pico-sdk/lib/tinyusb/src/common/tusb_fifo.c.obj
                0x10009864                tu_fifo_config
 .text.tu_fifo_count
                0x100098dc       0x20 CMakeFiles/main.dir/C_/RPPicoSDK/sdk/pico-sdk/lib/tinyusb/src/common/tusb_fifo.c.obj
                0x100098dc                tu_fifo_count
 .text.tu_fifo_empty
                0x100098fc       0x10 CMakeFiles/main.dir/C_/RPPicoSDK/sdk/pico-sdk/lib/tinyusb/src/common/tusb_fifo.c.obj
                0x100098fc                tu_fifo_empty
 .text.tu_fifo_remaining
                0x1000990c       0x1c CMakeFiles/main.dir/C_/RPPicoSDK/sdk/pico-sdk/lib/tinyusb/src/common/tusb_fifo.c.obj
                0x1000990c                tu_fifo_remaining
 .text.tu_fifo_read
                0x10009928       0x9c CMakeFiles/main.dir/C_/RPPicoSDK/sdk/pico-sdk/lib/tinyusb/src/common/tusb_fifo.c.obj
                0x10009928                tu_fifo_read
 .text.tu_fifo_read_n
                0x100099c4      0x100 CMakeFiles/main.dir/C_/RPPicoSDK/sdk/pico-sdk/lib/tinyusb/src/common/tusb_fifo.c.obj
                0x100099c4                tu_fifo_read_n
 .text.tu_fifo_write
                0x10009ac4       0x7c CMakeFiles/main.dir/C_/RPPicoSDK/sdk/pico-sdk/lib/tinyusb/src/common/tusb_fifo.c.obj
                0x10009ac4                tu_fifo_write
 .text.tu_fifo_write_n
                0x10009b40      0x100 CMakeFiles/main.dir/C_/RPPicoSDK/sdk/pico-sdk/lib/tinyusb/src/common/tusb_fifo.c.obj
                0x10009b40                tu_fifo_write_n
 .text.tu_fifo_clear
                0x10009c40       0x4c CMakeFiles/main.dir/C_/RPPicoSDK/sdk/pico-sdk/lib/tinyusb/src/common/tusb_fifo.c.obj
                0x10009c40                tu_fifo_clear
 .text.tu_fifo_set_overwritable
                0x10009c8c       0x3c CMakeFiles/main.dir/C_/RPPicoSDK/sdk/pico-sdk/lib/tinyusb/src/common/tusb_fifo.c.obj
                0x10009c8c                tu_fifo_set_overwritable
 .text.startup._retrieve_unique_id_on_boot
                0x10009cc8       0x10 CMakeFiles/main.dir/C_/RPPicoSDK/sdk/pico-sdk/src/rp2_common/pico_unique_id/unique_id.c.obj
 .text.pico_get_unique_board_id_string
                0x10009cd8      0x1a8 CMakeFiles/main.dir/C_/RPPicoSDK/sdk/pico-sdk/src/rp2_common/pico_unique_id/unique_id.c.obj
                0x10009cd8                pico_get_unique_board_id_string
 .text.flash_get_unique_id
                0x10009e80       0x40 CMakeFiles/main.dir/C_/RPPicoSDK/sdk/pico-sdk/src/rp2_common/hardware_flash/flash.c.obj
                0x10009e80                flash_get_unique_id
 .text.i2c_set_baudrate
                0x10009ec0       0xc4 CMakeFiles/main.dir/C_/RPPicoSDK/sdk/pico-sdk/src/rp2_common/hardware_i2c/i2c.c.obj
                0x10009ec0                i2c_set_baudrate
 .text.i2c_init
                0x10009f84       0x54 CMakeFiles/main.dir/C_/RPPicoSDK/sdk/pico-sdk/src/rp2_common/hardware_i2c/i2c.c.obj
                0x10009f84                i2c_init
 .text.i2c_write_blocking
                0x10009fd8       0xd0 CMakeFiles/main.dir/C_/RPPicoSDK/sdk/pico-sdk/src/rp2_common/hardware_i2c/i2c.c.obj
                0x10009fd8                i2c_write_blocking
 .text.i2c_read_blocking
                0x1000a0a8       0xac CMakeFiles/main.dir/C_/RPPicoSDK/sdk/pico-sdk/src/rp2_common/hardware_i2c/i2c.c.obj
                0x1000a0a8                i2c_read_blocking
 .text          0x1000a154       0x88 c:/rppicosdk/armcc/10 2021.10/bin/../lib/gcc/arm-none-eabi/10.3.1/../../../../arm-none-eabi/lib/thumb/v6-m/nofp\libc.a(lib_a-strcmp.o)
                0x1000a154                strcmp
 .text.strlen   0x1000a1dc       0x5c c:/rppicosdk/armcc/10 2021.10/bin/../lib/gcc/arm-none-eabi/10.3.1/../../../../arm-none-eabi/lib/thumb/v6-m/nofp\libc.a(lib_a-strlen-stub.o)
                0x1000a1dc                strlen
 *(.fini)
 .fini          0x1000a238        0x4 c:/rppicosdk/armcc/10 2021.10/bin/../lib/gcc/arm-none-eabi/10.3.1/thumb/v6-m/nofp/crti.o
                0x1000a238                _fini
 *fill*         0x1000a23c        0x4 
 .fini.__stub   0x1000a240       0x70 linker stubs
 *crtbegin.o(.ctors)
 *crtbegin?.o(.ctors)
 *(EXCLUDE_FILE(*crtend.o *crtend?.o) .ctors)
 *(SORT_BY_NAME(.ctors.*))
 *(.ctors)
 *crtbegin.o(.dtors)
 *crtbegin?.o(.dtors)
 *(EXCLUDE_FILE(*crtend.o *crtend?.o) .dtors)
 *(SORT_BY_NAME(.dtors.*))
 *(.dtors)
 *(.eh_frame*)
 .eh_frame      0x1000a2b0        0x0 c:/rppicosdk/armcc/10 2021.10/bin/../lib/gcc/arm-none-eabi/10.3.1/thumb/v6-m/nofp/crtbegin.o
                0x1000a2b0                . = ALIGN (0x4)

.glue_7         0x1000a2b0        0x0
 .glue_7        0x1000a2b0        0x0 linker stubs

.glue_7t        0x1000a2b0        0x0
 .glue_7t       0x1000a2b0        0x0 linker stubs

.vfp11_veneer   0x1000a2b0        0x0
 .vfp11_veneer  0x1000a2b0        0x0 linker stubs

.v4_bx          0x1000a2b0        0x0
 .v4_bx         0x1000a2b0        0x0 linker stubs

.iplt           0x1000a2b0        0x0
 .iplt          0x1000a2b0        0x0 c:/rppicosdk/armcc/10 2021.10/bin/../lib/gcc/arm-none-eabi/10.3.1/thumb/v6-m/nofp/crtbegin.o

.rodata         0x1000a2b0      0x8e4
 *(EXCLUDE_FILE(*libm.a: *libc.a:*lib_a-mem*.o *libgcc.a:) .rodata*)
 .rodata.main.str1.4
                0x1000a2b0       0xd5 CMakeFiles/main.dir/main.c.obj
 *fill*         0x1000a385        0x3 
 .rodata.main   0x1000a388       0x20 CMakeFiles/main.dir/main.c.obj
 .rodata.eventUart
                0x1000a3a8       0x28 CMakeFiles/main.dir/events.c.obj
 .rodata.write_eeprom.str1.4
                0x1000a3d0        0x3 CMakeFiles/main.dir/eeprom.c.obj
 *fill*         0x1000a3d3        0x1 
 .rodata.imprimir_plantilla1.str1.4
                0x1000a3d4       0xd8 CMakeFiles/main.dir/plantilla.c.obj
 .rodata.imprimir_plantilla2.str1.4
                0x1000a4ac      0x1a6 CMakeFiles/main.dir/plantilla.c.obj
 *fill*         0x1000a652        0x2 
 .rodata.imprimir_plantilla3.str1.4
                0x1000a654       0x3d CMakeFiles/main.dir/plantilla.c.obj
 *fill*         0x1000a691        0x3 
 .rodata.spin_lock_claim_unused.str1.4
                0x1000a694       0x1b CMakeFiles/main.dir/C_/RPPicoSDK/sdk/pico-sdk/src/rp2_common/hardware_sync/sync.c.obj
 *fill*         0x1000a6af        0x1 
 .rodata.hardware_alarm_claim.str1.4
                0x1000a6b0       0x22 CMakeFiles/main.dir/C_/RPPicoSDK/sdk/pico-sdk/src/rp2_common/hardware_timer/timer.c.obj
 *fill*         0x1000a6d2        0x2 
 .rodata.panic.str1.4
                0x1000a6d4       0x12 CMakeFiles/main.dir/C_/RPPicoSDK/sdk/pico-sdk/src/rp2_common/pico_runtime/runtime.c.obj
 *fill*         0x1000a6e6        0x2 
 .rodata.hard_assertion_failure.str1.4
                0x1000a6e8        0xc CMakeFiles/main.dir/C_/RPPicoSDK/sdk/pico-sdk/src/rp2_common/pico_runtime/runtime.c.obj
 .rodata._ftoa.str1.4
                0x1000a6f4       0x15 CMakeFiles/main.dir/C_/RPPicoSDK/sdk/pico-sdk/src/rp2_common/pico_printf/printf.c.obj
 *fill*         0x1000a709        0x3 
 .rodata._vsnprintf
                0x1000a70c      0x1e0 CMakeFiles/main.dir/C_/RPPicoSDK/sdk/pico-sdk/src/rp2_common/pico_printf/printf.c.obj
 *fill*         0x1000a8ec        0x4 
 .rodata.pow10.0
                0x1000a8f0       0x50 CMakeFiles/main.dir/C_/RPPicoSDK/sdk/pico-sdk/src/rp2_common/pico_printf/printf.c.obj
 .rodata.str1.4
                0x1000a940       0x3c CMakeFiles/main.dir/C_/RPPicoSDK/sdk/pico-sdk/src/rp2_common/pico_standard_link/binary_info.c.obj
 .rodata.__bi_44
                0x1000a97c        0xc CMakeFiles/main.dir/C_/RPPicoSDK/sdk/pico-sdk/src/rp2_common/pico_standard_link/binary_info.c.obj
 .rodata.__bi_75
                0x1000a988        0xc CMakeFiles/main.dir/C_/RPPicoSDK/sdk/pico-sdk/src/rp2_common/pico_standard_link/binary_info.c.obj
 .rodata.__bi_81
                0x1000a994        0xc CMakeFiles/main.dir/C_/RPPicoSDK/sdk/pico-sdk/src/rp2_common/pico_standard_link/binary_info.c.obj
 .rodata.crlf_str.0
                0x1000a9a0        0x2 CMakeFiles/main.dir/C_/RPPicoSDK/sdk/pico-sdk/src/rp2_common/pico_stdio/stdio.c.obj
 *fill*         0x1000a9a2        0x2 
 .rodata._resetd_driver
                0x1000a9a4       0x18 CMakeFiles/main.dir/C_/RPPicoSDK/sdk/pico-sdk/src/rp2_common/pico_stdio_usb/reset_interface.c.obj
 .rodata.str1.4
                0x1000a9bc       0x13 CMakeFiles/main.dir/C_/RPPicoSDK/sdk/pico-sdk/src/rp2_common/pico_stdio_usb/stdio_usb.c.obj
 *fill*         0x1000a9cf        0x1 
 .rodata.__bi_93.0
                0x1000a9d0        0xc CMakeFiles/main.dir/C_/RPPicoSDK/sdk/pico-sdk/src/rp2_common/pico_stdio_usb/stdio_usb.c.obj
 .rodata.str1.4
                0x1000a9dc       0x2a CMakeFiles/main.dir/C_/RPPicoSDK/sdk/pico-sdk/src/rp2_common/pico_stdio_usb/stdio_usb_descriptors.c.obj
 *fill*         0x1000aa06        0x2 
 .rodata.usbd_desc_cfg
                0x1000aa08       0x54 CMakeFiles/main.dir/C_/RPPicoSDK/sdk/pico-sdk/src/rp2_common/pico_stdio_usb/stdio_usb_descriptors.c.obj
 .rodata.usbd_desc_device
                0x1000aa5c       0x12 CMakeFiles/main.dir/C_/RPPicoSDK/sdk/pico-sdk/src/rp2_common/pico_stdio_usb/stdio_usb_descriptors.c.obj
 *fill*         0x1000aa6e        0x2 
 .rodata.usbd_desc_str
                0x1000aa70       0x18 CMakeFiles/main.dir/C_/RPPicoSDK/sdk/pico-sdk/src/rp2_common/pico_stdio_usb/stdio_usb_descriptors.c.obj
 .rodata.dcd_rp2040_irq.str1.4
                0x1000aa88       0x14 CMakeFiles/main.dir/C_/RPPicoSDK/sdk/pico-sdk/lib/tinyusb/src/portable/raspberrypi/rp2040/dcd_rp2040.c.obj
 .rodata._hw_endpoint_buffer_control_update32.part.0.isra.0.str1.4
                0x1000aa9c       0x1f CMakeFiles/main.dir/C_/RPPicoSDK/sdk/pico-sdk/lib/tinyusb/src/portable/raspberrypi/rp2040/rp2040_usb.c.obj
 *fill*         0x1000aabb        0x1 
 .rodata.hw_endpoint_xfer_continue.str1.4
                0x1000aabc       0x29 CMakeFiles/main.dir/C_/RPPicoSDK/sdk/pico-sdk/lib/tinyusb/src/portable/raspberrypi/rp2040/rp2040_usb.c.obj
 *fill*         0x1000aae5        0x3 
 .rodata.str1.4
                0x1000aae8        0x7 CMakeFiles/main.dir/C_/RPPicoSDK/sdk/pico-sdk/lib/tinyusb/src/portable/raspberrypi/rp2040/rp2040_usb.c.obj
 *fill*         0x1000aaef        0x1 
 .rodata.tud_task
                0x1000aaf0       0x8c CMakeFiles/main.dir/C_/RPPicoSDK/sdk/pico-sdk/lib/tinyusb/src/device/usbd.c.obj
 .rodata._usbd_driver
                0x1000ab7c       0x18 CMakeFiles/main.dir/C_/RPPicoSDK/sdk/pico-sdk/lib/tinyusb/src/device/usbd.c.obj
                0x1000ab94                . = ALIGN (0x4)
 *(SORT_BY_ALIGNMENT(SORT_BY_NAME(.flashdata*)))
                0x1000ab94                . = ALIGN (0x4)

.rel.dyn        0x1000ab94        0x0
 .rel.iplt      0x1000ab94        0x0 c:/rppicosdk/armcc/10 2021.10/bin/../lib/gcc/arm-none-eabi/10.3.1/thumb/v6-m/nofp/crtbegin.o

.ARM.extab
 *(.ARM.extab* .gnu.linkonce.armextab.*)
                0x1000ab94                __exidx_start = .

.ARM.exidx
 *(.ARM.exidx* .gnu.linkonce.armexidx.*)
                0x1000ab94                __exidx_end = .
                0x1000ab94                . = ALIGN (0x4)
                0x1000ab94                __binary_info_start = .

.binary_info    0x1000ab94       0x20
 *(.binary_info.keep.*)
 .binary_info.keep.__bi_ptr22
                0x1000ab94        0x4 CMakeFiles/main.dir/C_/RPPicoSDK/sdk/pico-sdk/src/rp2_common/pico_standard_link/binary_info.c.obj
 .binary_info.keep.__bi_ptr30
                0x1000ab98        0x4 CMakeFiles/main.dir/C_/RPPicoSDK/sdk/pico-sdk/src/rp2_common/pico_standard_link/binary_info.c.obj
 .binary_info.keep.__bi_ptr38
                0x1000ab9c        0x4 CMakeFiles/main.dir/C_/RPPicoSDK/sdk/pico-sdk/src/rp2_common/pico_standard_link/binary_info.c.obj
 .binary_info.keep.__bi_ptr44
                0x1000aba0        0x4 CMakeFiles/main.dir/C_/RPPicoSDK/sdk/pico-sdk/src/rp2_common/pico_standard_link/binary_info.c.obj
 .binary_info.keep.__bi_ptr50
                0x1000aba4        0x4 CMakeFiles/main.dir/C_/RPPicoSDK/sdk/pico-sdk/src/rp2_common/pico_standard_link/binary_info.c.obj
 .binary_info.keep.__bi_ptr75
                0x1000aba8        0x4 CMakeFiles/main.dir/C_/RPPicoSDK/sdk/pico-sdk/src/rp2_common/pico_standard_link/binary_info.c.obj
 .binary_info.keep.__bi_ptr81
                0x1000abac        0x4 CMakeFiles/main.dir/C_/RPPicoSDK/sdk/pico-sdk/src/rp2_common/pico_standard_link/binary_info.c.obj
 *(.binary_info.*)
 .binary_info.__bi_ptr93
                0x1000abb0        0x4 CMakeFiles/main.dir/C_/RPPicoSDK/sdk/pico-sdk/src/rp2_common/pico_stdio_usb/stdio_usb.c.obj
                0x1000abb4                __binary_info_end = .
                0x1000abb4                . = ALIGN (0x4)
                0x1000abb4                __etext = .

.ram_vector_table
                0x20000000       0xc0
 *(.ram_vector_table)
 .ram_vector_table
                0x20000000       0xc0 CMakeFiles/main.dir/C_/RPPicoSDK/sdk/pico-sdk/src/rp2_common/pico_runtime/runtime.c.obj
                0x20000000                ram_vector_table

.data           0x200000c0      0x428 load address 0x1000abb4
                0x200000c0                __data_start__ = .
 *(vtable)
 *(.time_critical*)
 .time_critical.mutex_enter_blocking
                0x200000c0       0x48 CMakeFiles/main.dir/C_/RPPicoSDK/sdk/pico-sdk/src/common/pico_sync/mutex.c.obj
                0x200000c0                mutex_enter_blocking
 .time_critical.mutex_try_enter
                0x20000108       0x44 CMakeFiles/main.dir/C_/RPPicoSDK/sdk/pico-sdk/src/common/pico_sync/mutex.c.obj
                0x20000108                mutex_try_enter
 .time_critical.mutex_enter_timeout_ms
                0x2000014c       0xa0 CMakeFiles/main.dir/C_/RPPicoSDK/sdk/pico-sdk/src/common/pico_sync/mutex.c.obj
                0x2000014c                mutex_enter_timeout_ms
 .time_critical.mutex_exit
                0x200001ec       0x28 CMakeFiles/main.dir/C_/RPPicoSDK/sdk/pico-sdk/src/common/pico_sync/mutex.c.obj
                0x200001ec                mutex_exit
 .time_critical.flash_init_boot2_copyout
                0x20000214       0x30 CMakeFiles/main.dir/C_/RPPicoSDK/sdk/pico-sdk/src/rp2_common/hardware_flash/flash.c.obj
 .time_critical.flash_enable_xip_via_boot2
                0x20000244       0x10 CMakeFiles/main.dir/C_/RPPicoSDK/sdk/pico-sdk/src/rp2_common/hardware_flash/flash.c.obj
 .time_critical.flash_cs_force
                0x20000254       0x38 CMakeFiles/main.dir/C_/RPPicoSDK/sdk/pico-sdk/src/rp2_common/hardware_flash/flash.c.obj
 .time_critical.flash_do_cmd
                0x2000028c       0xc4 CMakeFiles/main.dir/C_/RPPicoSDK/sdk/pico-sdk/src/rp2_common/hardware_flash/flash.c.obj
                0x2000028c                flash_do_cmd
 *(.text*)
 .text          0x20000350        0x4 c:/rppicosdk/armcc/10 2021.10/bin/../lib/gcc/arm-none-eabi/10.3.1/thumb/v6-m/nofp\libgcc.a(_dvmd_tls.o)
                0x20000350                __aeabi_idiv0
                0x20000350                __aeabi_ldiv0
 *fill*         0x20000354        0x4 
 .text.__stub   0x20000358       0x30 linker stubs
                0x20000388                . = ALIGN (0x4)
 *(.rodata*)
                0x20000388                . = ALIGN (0x4)
 *(.data*)
 .data.Nmea     0x20000388        0x6 CMakeFiles/main.dir/events.c.obj
                0x20000388                Nmea
 .data.init_debounce
                0x2000038e        0x1 CMakeFiles/main.dir/events.c.obj
                0x2000038e                init_debounce
 .data.loadData
                0x2000038f        0x1 CMakeFiles/main.dir/events.c.obj
                0x2000038f                loadData
 .data.saveData
                0x20000390        0x1 CMakeFiles/main.dir/events.c.obj
                0x20000390                saveData
 *fill*         0x20000391        0x1 
 .data.show_lcd_debounce
                0x20000392        0x2 CMakeFiles/main.dir/events.c.obj
                0x20000392                show_lcd_debounce
 .data.time_debounce
                0x20000394        0x1 CMakeFiles/main.dir/events.c.obj
                0x20000394                time_debounce
 *fill*         0x20000395        0x3 
 .data.col      0x20000398       0x10 CMakeFiles/main.dir/keyboard.c.obj
                0x20000398                col
 .data.fil      0x200003a8       0x10 CMakeFiles/main.dir/keyboard.c.obj
                0x200003a8                fil
 .data.teclas   0x200003b8       0x10 CMakeFiles/main.dir/keyboard.c.obj
                0x200003b8                teclas
 .data.ports    0x200003c8       0x18 CMakeFiles/main.dir/lcd.c.obj
                0x200003c8                ports
 .data.time_shift
                0x200003e0        0x1 CMakeFiles/main.dir/lcd.c.obj
                0x200003e0                time_shift
 .data.striped_spin_lock_num
                0x200003e1        0x1 CMakeFiles/main.dir/C_/RPPicoSDK/sdk/pico-sdk/src/rp2_common/hardware_sync/sync.c.obj
 *fill*         0x200003e2        0x2 
 .data.default_alarm_pool
                0x200003e4       0x18 CMakeFiles/main.dir/C_/RPPicoSDK/sdk/pico-sdk/src/common/pico_time/time.c.obj
 .data.default_alarm_pool_heap
                0x200003fc       0x10 CMakeFiles/main.dir/C_/RPPicoSDK/sdk/pico-sdk/src/common/pico_time/time.c.obj
 .data          0x2000040c       0x48 CMakeFiles/main.dir/C_/RPPicoSDK/sdk/pico-sdk/src/rp2_common/hardware_irq/irq_handler_chain.S.obj
                0x2000040c                irq_handler_chain_slots
                0x2000043c                irq_handler_chain_first_slot
                0x20000446                irq_handler_chain_remove_tail
 *fill*         0x20000454        0xc 
 .data.aeabi_bits_funcs
                0x20000460       0x10 CMakeFiles/main.dir/C_/RPPicoSDK/sdk/pico-sdk/src/rp2_common/pico_bit_ops/bit_ops_aeabi.S.obj
                0x20000460                aeabi_bits_funcs
                0x20000470                aeabi_bits_funcs_end
 .data.aeabi_mem_funcs
                0x20000470       0x10 CMakeFiles/main.dir/C_/RPPicoSDK/sdk/pico-sdk/src/rp2_common/pico_mem_ops/mem_ops_aeabi.S.obj
                0x20000470                aeabi_mem_funcs
                0x20000480                aeabi_mem_funcs_end
 .data.stdio_usb
                0x20000480       0x14 CMakeFiles/main.dir/C_/RPPicoSDK/sdk/pico-sdk/src/rp2_common/pico_stdio_usb/stdio_usb.c.obj
                0x20000480                stdio_usb
 .data.ep_dir_string
                0x20000494        0x8 CMakeFiles/main.dir/C_/RPPicoSDK/sdk/pico-sdk/lib/tinyusb/src/portable/raspberrypi/rp2040/rp2040_usb.c.obj
                0x20000494                ep_dir_string
 .data._usbd_qdef
                0x2000049c       0x24 CMakeFiles/main.dir/C_/RPPicoSDK/sdk/pico-sdk/lib/tinyusb/src/device/usbd.c.obj
                0x2000049c                _usbd_qdef
 .data.i2c0_inst
                0x200004c0        0x8 CMakeFiles/main.dir/C_/RPPicoSDK/sdk/pico-sdk/src/rp2_common/hardware_i2c/i2c.c.obj
                0x200004c0                i2c0_inst
                0x200004c8                . = ALIGN (0x4)
 *(.after_data.*)
                0x200004c8                . = ALIGN (0x4)
                0x200004c8                PROVIDE (__mutex_array_start = .)
 *(SORT_BY_NAME(.mutex_array.*))
 *(.mutex_array)
 .mutex_array   0x200004c8        0x8 CMakeFiles/main.dir/C_/RPPicoSDK/sdk/pico-sdk/src/rp2_common/pico_stdio/stdio.c.obj
                0x200004d0                PROVIDE (__mutex_array_end = .)
                0x200004d0                . = ALIGN (0x4)
                0x200004d0                PROVIDE (__preinit_array_start = .)
 *(SORT_BY_NAME(.preinit_array.*))
 .preinit_array.00001
                0x200004d0        0x4 CMakeFiles/main.dir/C_/RPPicoSDK/sdk/pico-sdk/src/rp2_common/pico_mem_ops/mem_ops_aeabi.S.obj
 .preinit_array.00010
                0x200004d4        0x4 CMakeFiles/main.dir/C_/RPPicoSDK/sdk/pico-sdk/src/rp2_common/pico_bit_ops/bit_ops_aeabi.S.obj
 .preinit_array.00020
                0x200004d8        0x4 CMakeFiles/main.dir/C_/RPPicoSDK/sdk/pico-sdk/src/rp2_common/pico_double/double_aeabi.S.obj
 .preinit_array.00020
                0x200004dc        0x4 CMakeFiles/main.dir/C_/RPPicoSDK/sdk/pico-sdk/src/rp2_common/pico_float/float_aeabi.S.obj
 *(.preinit_array)
                0x200004e0                PROVIDE (__preinit_array_end = .)
                0x200004e0                . = ALIGN (0x4)
                0x200004e0                PROVIDE (__init_array_start = .)
 *(SORT_BY_NAME(.init_array.*))
 *(.init_array)
 .init_array    0x200004e0        0x4 c:/rppicosdk/armcc/10 2021.10/bin/../lib/gcc/arm-none-eabi/10.3.1/thumb/v6-m/nofp/crtbegin.o
 .init_array    0x200004e4        0x4 CMakeFiles/main.dir/C_/RPPicoSDK/sdk/pico-sdk/src/rp2_common/pico_unique_id/unique_id.c.obj
                0x200004e8                PROVIDE (__init_array_end = .)
                0x200004e8                . = ALIGN (0x4)
                [!provide]                PROVIDE (__fini_array_start = .)
 *(SORT_BY_NAME(.fini_array.*))
 *(.fini_array)
                [!provide]                PROVIDE (__fini_array_end = .)
 *(.jcr)
                0x200004e8                . = ALIGN (0x4)
                0x200004e8                __data_end__ = .

.igot.plt       0x200004e8        0x0 load address 0x1000afdc
 .igot.plt      0x200004e8        0x0 c:/rppicosdk/armcc/10 2021.10/bin/../lib/gcc/arm-none-eabi/10.3.1/thumb/v6-m/nofp/crtbegin.o

.uninitialized_data
                0x200004e8        0x0 load address 0x1000afdc
                0x200004e8                . = ALIGN (0x4)
 *(.uninitialized_data*)

.scratch_x      0x20040000        0x0 load address 0x1000afdc
                0x20040000                __scratch_x_start__ = .
 *(.scratch_x.*)
                0x20040000                . = ALIGN (0x4)
                0x20040000                __scratch_x_end__ = .
                0x1000afdc                __scratch_x_source__ = LOADADDR (.scratch_x)

.scratch_y      0x20041000        0x0 load address 0x1000afdc
                0x20041000                __scratch_y_start__ = .
 *(.scratch_y.*)
                0x20041000                . = ALIGN (0x4)
                0x20041000                __scratch_y_end__ = .
                0x1000afdc                __scratch_y_source__ = LOADADDR (.scratch_y)

.bss            0x200004e8      0xe38
                0x200004e8                . = ALIGN (0x4)
                0x200004e8                __bss_start__ = .
 *(SORT_BY_ALIGNMENT(SORT_BY_NAME(.bss*)))
 .bss.default_alarm_pool_entries
                0x200004e8      0x100 CMakeFiles/main.dir/C_/RPPicoSDK/sdk/pico-sdk/src/common/pico_time/time.c.obj
 .bss.last_avail_time.1
                0x200005e8        0x8 CMakeFiles/main.dir/C_/RPPicoSDK/sdk/pico-sdk/src/rp2_common/pico_stdio_usb/stdio_usb.c.obj
 .bss.sd_table  0x200005f0      0x100 CMakeFiles/main.dir/C_/RPPicoSDK/sdk/pico-sdk/src/rp2_common/pico_double/double_init_rom.c.obj
                0x200005f0                sd_table
 .bss.sf_table  0x200006f0      0x100 CMakeFiles/main.dir/C_/RPPicoSDK/sdk/pico-sdk/src/rp2_common/pico_float/float_init_rom.c.obj
                0x200006f0                sf_table
 .bss.timer     0x200007f0       0x18 CMakeFiles/main.dir/timer.c.obj
                0x200007f0                timer
 .bss           0x20000808       0x1c c:/rppicosdk/armcc/10 2021.10/bin/../lib/gcc/arm-none-eabi/10.3.1/thumb/v6-m/nofp/crtbegin.o
 .bss._app_driver
                0x20000824        0x4 CMakeFiles/main.dir/C_/RPPicoSDK/sdk/pico-sdk/lib/tinyusb/src/device/usbd.c.obj
 .bss._callbacks
                0x20000828        0x8 CMakeFiles/main.dir/C_/RPPicoSDK/sdk/pico-sdk/src/rp2_common/hardware_gpio/gpio.c.obj
 .bss._cdcd_itf
                0x20000830      0x2d8 CMakeFiles/main.dir/C_/RPPicoSDK/sdk/pico-sdk/lib/tinyusb/src/class/cdc/cdc_device.c.obj
 .bss._ctrl_xfer
                0x20000b08       0x14 CMakeFiles/main.dir/C_/RPPicoSDK/sdk/pico-sdk/lib/tinyusb/src/device/usbd_control.c.obj
 .bss._events   0x20000b1c        0x1 CMakeFiles/main.dir/events.c.obj
                0x20000b1c                _events
 *fill*         0x20000b1d        0x3 
 .bss._flags    0x20000b20        0x1 CMakeFiles/main.dir/events.c.obj
                0x20000b20                _flags
 *fill*         0x20000b21        0x3 
 .bss._lcd      0x20000b24        0x1 CMakeFiles/main.dir/lcd.c.obj
                0x20000b24                _lcd
 *fill*         0x20000b25        0x3 
 .bss._lcdFlags
                0x20000b28        0x1 CMakeFiles/main.dir/lcd.c.obj
                0x20000b28                _lcdFlags
 *fill*         0x20000b29        0x3 
 .bss._ubsd_mutexdef
                0x20000b2c        0x8 CMakeFiles/main.dir/C_/RPPicoSDK/sdk/pico-sdk/lib/tinyusb/src/device/usbd.c.obj
 .bss._usbd_ctrl_buf
                0x20000b34       0x40 CMakeFiles/main.dir/C_/RPPicoSDK/sdk/pico-sdk/lib/tinyusb/src/device/usbd_control.c.obj
 .bss._usbd_dev
                0x20000b74       0x53 CMakeFiles/main.dir/C_/RPPicoSDK/sdk/pico-sdk/lib/tinyusb/src/device/usbd.c.obj
 *fill*         0x20000bc7        0x1 
 .bss._usbd_mutex
                0x20000bc8        0x4 CMakeFiles/main.dir/C_/RPPicoSDK/sdk/pico-sdk/lib/tinyusb/src/device/usbd.c.obj
 .bss._usbd_q   0x20000bcc        0x4 CMakeFiles/main.dir/C_/RPPicoSDK/sdk/pico-sdk/lib/tinyusb/src/device/usbd.c.obj
 .bss._usbd_qdef_buf
                0x20000bd0       0xc0 CMakeFiles/main.dir/C_/RPPicoSDK/sdk/pico-sdk/lib/tinyusb/src/device/usbd.c.obj
                0x20000bd0                _usbd_qdef_buf
 .bss.addrMem   0x20000c90        0x4 CMakeFiles/main.dir/eeprom.c.obj
                0x20000c90                addrMem
 .bss.addresInitMem
                0x20000c94        0x4 CMakeFiles/main.dir/main.c.obj
                0x20000c94                addresInitMem
 .bss.alarm_callbacks
                0x20000c98       0x10 CMakeFiles/main.dir/C_/RPPicoSDK/sdk/pico-sdk/src/rp2_common/hardware_timer/timer.c.obj
 .bss.boot2_copyout
                0x20000ca8      0x100 CMakeFiles/main.dir/C_/RPPicoSDK/sdk/pico-sdk/src/rp2_common/hardware_flash/flash.c.obj
 .bss.claimed   0x20000da8        0x4 CMakeFiles/main.dir/C_/RPPicoSDK/sdk/pico-sdk/src/rp2_common/hardware_sync/sync.c.obj
 .bss.col_key   0x20000dac        0x4 CMakeFiles/main.dir/keyboard.c.obj
                0x20000dac                col_key
 .bss.configured_freq
                0x20000db0       0x28 CMakeFiles/main.dir/C_/RPPicoSDK/sdk/pico-sdk/src/rp2_common/hardware_clocks/clocks.c.obj
 .bss.contMem   0x20000dd8        0x4 CMakeFiles/main.dir/eeprom.c.obj
                0x20000dd8                contMem
 .bss.contMemory
                0x20000ddc        0x4 CMakeFiles/main.dir/main.c.obj
                0x20000ddc                contMemory
 .bss.data      0x20000de0        0xa CMakeFiles/main.dir/eeprom.c.obj
                0x20000de0                data
 *fill*         0x20000dea        0x2 
 .bss.default_alarm_pool_entry_ids_high
                0x20000dec       0x10 CMakeFiles/main.dir/C_/RPPicoSDK/sdk/pico-sdk/src/common/pico_time/time.c.obj
 .bss.default_alarm_pool_heap_nodes
                0x20000dfc       0x30 CMakeFiles/main.dir/C_/RPPicoSDK/sdk/pico-sdk/src/common/pico_time/time.c.obj
 .bss.desc_str.0
                0x20000e2c       0x28 CMakeFiles/main.dir/C_/RPPicoSDK/sdk/pico-sdk/src/rp2_common/pico_stdio_usb/stdio_usb_descriptors.c.obj
 .bss.drivers   0x20000e54        0x4 CMakeFiles/main.dir/C_/RPPicoSDK/sdk/pico-sdk/src/rp2_common/pico_stdio/stdio.c.obj
 .bss.estado_col
                0x20000e58        0x4 CMakeFiles/main.dir/keyboard.c.obj
                0x20000e58                estado_col
 .bss.estado_fil
                0x20000e5c        0x4 CMakeFiles/main.dir/keyboard.c.obj
                0x20000e5c                estado_fil
 .bss.fil_key   0x20000e60        0x4 CMakeFiles/main.dir/keyboard.c.obj
                0x20000e60                fil_key
 .bss.filter    0x20000e64        0x4 CMakeFiles/main.dir/C_/RPPicoSDK/sdk/pico-sdk/src/rp2_common/pico_stdio/stdio.c.obj
 .bss.finalLat  0x20000e68        0x4 CMakeFiles/main.dir/events.c.obj
                0x20000e68                finalLat
 .bss.finalLon  0x20000e6c        0x4 CMakeFiles/main.dir/events.c.obj
                0x20000e6c                finalLon
 .bss.hw_endpoints
                0x20000e70      0x400 CMakeFiles/main.dir/C_/RPPicoSDK/sdk/pico-sdk/lib/tinyusb/src/portable/raspberrypi/rp2040/dcd_rp2040.c.obj
 .bss.lat       0x20001270        0xb CMakeFiles/main.dir/events.c.obj
                0x20001270                lat
 *fill*         0x2000127b        0x1 
 .bss.latitud   0x2000127c        0x4 CMakeFiles/main.dir/main.c.obj
                0x2000127c                latitud
 .bss.lazy_vsnprintf
                0x20001280        0x4 CMakeFiles/main.dir/C_/RPPicoSDK/sdk/pico-sdk/src/rp2_common/pico_printf/printf.c.obj
 .bss.load_value
                0x20001284        0x4 CMakeFiles/main.dir/C_/RPPicoSDK/sdk/pico-sdk/src/rp2_common/hardware_watchdog/watchdog.c.obj
 .bss.lon       0x20001288        0xb CMakeFiles/main.dir/events.c.obj
                0x20001288                lon
 *fill*         0x20001293        0x1 
 .bss.longitud  0x20001294        0x4 CMakeFiles/main.dir/main.c.obj
                0x20001294                longitud
 .bss.min       0x20001298        0x4 CMakeFiles/main.dir/events.c.obj
                0x20001298                min
 .bss.next_buffer_ptr
                0x2000129c        0x4 CMakeFiles/main.dir/C_/RPPicoSDK/sdk/pico-sdk/lib/tinyusb/src/portable/raspberrypi/rp2040/dcd_rp2040.c.obj
 .bss.pCardinal
                0x200012a0        0x2 CMakeFiles/main.dir/events.c.obj
                0x200012a0                pCardinal
 *fill*         0x200012a2        0x2 
 .bss.pools     0x200012a4       0x10 CMakeFiles/main.dir/C_/RPPicoSDK/sdk/pico-sdk/src/common/pico_time/time.c.obj
 .bss.pos       0x200012b4        0x4 CMakeFiles/main.dir/events.c.obj
                0x200012b4                pos
 .bss.readBuf   0x200012b8        0x8 CMakeFiles/main.dir/main.c.obj
                0x200012b8                readBuf
 .bss.readStringFromGPS
                0x200012c0        0x6 CMakeFiles/main.dir/events.c.obj
                0x200012c0                readStringFromGPS
 *fill*         0x200012c6        0x2 
 .bss.retrieved_id
                0x200012c8        0x8 CMakeFiles/main.dir/C_/RPPicoSDK/sdk/pico-sdk/src/rp2_common/pico_unique_id/unique_id.c.obj
 .bss.sec       0x200012d0        0x4 CMakeFiles/main.dir/events.c.obj
                0x200012d0                sec
 .bss.sf_clz_func
                0x200012d4        0x4 CMakeFiles/main.dir/C_/RPPicoSDK/sdk/pico-sdk/src/rp2_common/pico_double/double_init_rom.c.obj
                0x200012d4                sf_clz_func
 .bss.sleep_notifier
                0x200012d8        0x4 CMakeFiles/main.dir/C_/RPPicoSDK/sdk/pico-sdk/src/common/pico_time/time.c.obj
 .bss.stdio_usb_mutex
                0x200012dc        0x8 CMakeFiles/main.dir/C_/RPPicoSDK/sdk/pico-sdk/src/rp2_common/pico_stdio_usb/stdio_usb.c.obj
 .bss.target_hi
                0x200012e4       0x10 CMakeFiles/main.dir/C_/RPPicoSDK/sdk/pico-sdk/src/rp2_common/hardware_timer/timer.c.obj
 .bss.uart_char_to_line_feed
                0x200012f4        0x4 CMakeFiles/main.dir/C_/RPPicoSDK/sdk/pico-sdk/src/rp2_common/hardware_uart/uart.c.obj
                0x200012f4                uart_char_to_line_feed
 .bss.usbd_serial_str
                0x200012f8       0x11 CMakeFiles/main.dir/C_/RPPicoSDK/sdk/pico-sdk/src/rp2_common/pico_stdio_usb/stdio_usb_descriptors.c.obj
 .bss._app_driver_count
                0x20001309        0x1 CMakeFiles/main.dir/C_/RPPicoSDK/sdk/pico-sdk/lib/tinyusb/src/device/usbd.c.obj
 .bss._usbd_initialized
                0x2000130a        0x1 CMakeFiles/main.dir/C_/RPPicoSDK/sdk/pico-sdk/lib/tinyusb/src/device/usbd.c.obj
 .bss.boot2_copyout_valid
                0x2000130b        0x1 CMakeFiles/main.dir/C_/RPPicoSDK/sdk/pico-sdk/src/rp2_common/hardware_flash/flash.c.obj
 .bss.claimed   0x2000130c        0x1 CMakeFiles/main.dir/C_/RPPicoSDK/sdk/pico-sdk/src/rp2_common/hardware_timer/timer.c.obj
 .bss.cntCommas
                0x2000130d        0x1 CMakeFiles/main.dir/events.c.obj
                0x2000130d                cntCommas
 .bss.cntLatLon
                0x2000130e        0x1 CMakeFiles/main.dir/events.c.obj
                0x2000130e                cntLatLon
 .bss.cntReadStringFromGPS
                0x2000130f        0x1 CMakeFiles/main.dir/events.c.obj
                0x2000130f                cntReadStringFromGPS
 .bss.contUart  0x20001310        0x1 CMakeFiles/main.dir/uart.c.obj
                0x20001310                contUart
 .bss.currentState
                0x20001311        0x1 CMakeFiles/main.dir/events.c.obj
                0x20001311                currentState
 .bss.data_gps  0x20001312        0x1 CMakeFiles/main.dir/uart.c.obj
                0x20001312                data_gps
 .bss.deadline_shift
                0x20001313        0x1 CMakeFiles/main.dir/lcd.c.obj
                0x20001313                deadline_shift
 .bss.flagUsb   0x20001314        0x1 CMakeFiles/main.dir/main.c.obj
                0x20001314                flagUsb
 .bss.irq_hander_chain_free_slot_head
                0x20001315        0x1 CMakeFiles/main.dir/C_/RPPicoSDK/sdk/pico-sdk/src/rp2_common/hardware_irq/irq.c.obj
 .bss.itf_num   0x20001316        0x1 CMakeFiles/main.dir/C_/RPPicoSDK/sdk/pico-sdk/src/rp2_common/pico_stdio_usb/reset_interface.c.obj
 .bss.key       0x20001317        0x1 CMakeFiles/main.dir/events.c.obj
                0x20001317                key
 .bss.key_pressed
                0x20001318        0x1 CMakeFiles/main.dir/events.c.obj
                0x20001318                key_pressed
 .bss.lcdDebounce
                0x20001319        0x1 CMakeFiles/main.dir/lcd.c.obj
                0x20001319                lcdDebounce
 .bss.loadPrueba
                0x2000131a        0x1 CMakeFiles/main.dir/events.c.obj
                0x2000131a                loadPrueba
 .bss.states    0x2000131b        0x1 CMakeFiles/main.dir/main.c.obj
                0x2000131b                states
 .bss.timer_callbacks_pending
                0x2000131c        0x1 CMakeFiles/main.dir/C_/RPPicoSDK/sdk/pico-sdk/src/rp2_common/hardware_timer/timer.c.obj
 *(COMMON)
                0x20001320                . = ALIGN (0x4)
 *fill*         0x2000131d        0x3 
                0x20001320                __bss_end__ = .

.heap           0x20001320      0x800
                0x20001320                __end__ = .
                0x20001320                end = __end__
 *(.heap*)
 .heap          0x20001320      0x800 CMakeFiles/main.dir/C_/RPPicoSDK/sdk/pico-sdk/src/rp2_common/pico_standard_link/crt0.S.obj
                0x20001b20                __HeapLimit = .

.stack1_dummy   0x20040000        0x0
 *(.stack1*)

.stack_dummy    0x20041000      0x800
 *(.stack*)
 .stack         0x20041000      0x800 CMakeFiles/main.dir/C_/RPPicoSDK/sdk/pico-sdk/src/rp2_common/pico_standard_link/crt0.S.obj

.flash_end      0x1000afdc        0x0
                0x1000afdc                __flash_binary_end = .
                0x20040000                __StackLimit = (ORIGIN (RAM) + LENGTH (RAM))
                0x20041000                __StackOneTop = (ORIGIN (SCRATCH_X) + LENGTH (SCRATCH_X))
                0x20042000                __StackTop = (ORIGIN (SCRATCH_Y) + LENGTH (SCRATCH_Y))
                0x20041000                __StackOneBottom = (__StackOneTop - SIZEOF (.stack1_dummy))
                0x20041800                __StackBottom = (__StackTop - SIZEOF (.stack_dummy))
                0x20042000                PROVIDE (__stack = __StackTop)
                0x00000001                ASSERT ((__StackLimit >= __HeapLimit), region RAM overflowed)
                0x00000001                ASSERT (((__binary_info_header_end - __logical_binary_start) <= 0x100), Binary info must be in first 256 bytes of the binary)
LOAD CMakeFiles/main.dir/main.c.obj
LOAD CMakeFiles/main.dir/events.c.obj
LOAD CMakeFiles/main.dir/timer.c.obj
LOAD CMakeFiles/main.dir/gpio.c.obj
LOAD CMakeFiles/main.dir/keyboard.c.obj
LOAD CMakeFiles/main.dir/lcd.c.obj
LOAD CMakeFiles/main.dir/eeprom.c.obj
LOAD CMakeFiles/main.dir/uart.c.obj
LOAD CMakeFiles/main.dir/plantilla.c.obj
LOAD CMakeFiles/main.dir/C_/RPPicoSDK/sdk/pico-sdk/src/rp2_common/pico_stdlib/stdlib.c.obj
LOAD CMakeFiles/main.dir/C_/RPPicoSDK/sdk/pico-sdk/src/rp2_common/hardware_gpio/gpio.c.obj
LOAD CMakeFiles/main.dir/C_/RPPicoSDK/sdk/pico-sdk/src/rp2_common/hardware_claim/claim.c.obj
LOAD CMakeFiles/main.dir/C_/RPPicoSDK/sdk/pico-sdk/src/rp2_common/pico_platform/platform.c.obj
LOAD CMakeFiles/main.dir/C_/RPPicoSDK/sdk/pico-sdk/src/rp2_common/hardware_sync/sync.c.obj
LOAD CMakeFiles/main.dir/C_/RPPicoSDK/sdk/pico-sdk/src/rp2_common/hardware_uart/uart.c.obj
LOAD CMakeFiles/main.dir/C_/RPPicoSDK/sdk/pico-sdk/src/rp2_common/hardware_divider/divider.S.obj
LOAD CMakeFiles/main.dir/C_/RPPicoSDK/sdk/pico-sdk/src/common/pico_time/time.c.obj
LOAD CMakeFiles/main.dir/C_/RPPicoSDK/sdk/pico-sdk/src/common/pico_time/timeout_helper.c.obj
LOAD CMakeFiles/main.dir/C_/RPPicoSDK/sdk/pico-sdk/src/rp2_common/hardware_timer/timer.c.obj
LOAD CMakeFiles/main.dir/C_/RPPicoSDK/sdk/pico-sdk/src/common/pico_sync/sem.c.obj
LOAD CMakeFiles/main.dir/C_/RPPicoSDK/sdk/pico-sdk/src/common/pico_sync/lock_core.c.obj
LOAD CMakeFiles/main.dir/C_/RPPicoSDK/sdk/pico-sdk/src/common/pico_sync/mutex.c.obj
LOAD CMakeFiles/main.dir/C_/RPPicoSDK/sdk/pico-sdk/src/common/pico_sync/critical_section.c.obj
LOAD CMakeFiles/main.dir/C_/RPPicoSDK/sdk/pico-sdk/src/common/pico_util/datetime.c.obj
LOAD CMakeFiles/main.dir/C_/RPPicoSDK/sdk/pico-sdk/src/common/pico_util/pheap.c.obj
LOAD CMakeFiles/main.dir/C_/RPPicoSDK/sdk/pico-sdk/src/common/pico_util/queue.c.obj
LOAD CMakeFiles/main.dir/C_/RPPicoSDK/sdk/pico-sdk/src/rp2_common/pico_runtime/runtime.c.obj
LOAD CMakeFiles/main.dir/C_/RPPicoSDK/sdk/pico-sdk/src/rp2_common/hardware_clocks/clocks.c.obj
LOAD CMakeFiles/main.dir/C_/RPPicoSDK/sdk/pico-sdk/src/rp2_common/hardware_irq/irq.c.obj
LOAD CMakeFiles/main.dir/C_/RPPicoSDK/sdk/pico-sdk/src/rp2_common/hardware_irq/irq_handler_chain.S.obj
LOAD CMakeFiles/main.dir/C_/RPPicoSDK/sdk/pico-sdk/src/rp2_common/hardware_pll/pll.c.obj
LOAD CMakeFiles/main.dir/C_/RPPicoSDK/sdk/pico-sdk/src/rp2_common/hardware_vreg/vreg.c.obj
LOAD CMakeFiles/main.dir/C_/RPPicoSDK/sdk/pico-sdk/src/rp2_common/hardware_watchdog/watchdog.c.obj
LOAD CMakeFiles/main.dir/C_/RPPicoSDK/sdk/pico-sdk/src/rp2_common/hardware_xosc/xosc.c.obj
LOAD CMakeFiles/main.dir/C_/RPPicoSDK/sdk/pico-sdk/src/rp2_common/pico_printf/printf.c.obj
LOAD CMakeFiles/main.dir/C_/RPPicoSDK/sdk/pico-sdk/src/rp2_common/pico_bit_ops/bit_ops_aeabi.S.obj
LOAD CMakeFiles/main.dir/C_/RPPicoSDK/sdk/pico-sdk/src/rp2_common/pico_bootrom/bootrom.c.obj
LOAD CMakeFiles/main.dir/C_/RPPicoSDK/sdk/pico-sdk/src/rp2_common/pico_divider/divider.S.obj
LOAD CMakeFiles/main.dir/C_/RPPicoSDK/sdk/pico-sdk/src/rp2_common/pico_double/double_aeabi.S.obj
LOAD CMakeFiles/main.dir/C_/RPPicoSDK/sdk/pico-sdk/src/rp2_common/pico_double/double_init_rom.c.obj
LOAD CMakeFiles/main.dir/C_/RPPicoSDK/sdk/pico-sdk/src/rp2_common/pico_double/double_math.c.obj
LOAD CMakeFiles/main.dir/C_/RPPicoSDK/sdk/pico-sdk/src/rp2_common/pico_double/double_v1_rom_shim.S.obj
LOAD CMakeFiles/main.dir/C_/RPPicoSDK/sdk/pico-sdk/src/rp2_common/pico_int64_ops/pico_int64_ops_aeabi.S.obj
LOAD CMakeFiles/main.dir/C_/RPPicoSDK/sdk/pico-sdk/src/rp2_common/pico_float/float_aeabi.S.obj
LOAD CMakeFiles/main.dir/C_/RPPicoSDK/sdk/pico-sdk/src/rp2_common/pico_float/float_init_rom.c.obj
LOAD CMakeFiles/main.dir/C_/RPPicoSDK/sdk/pico-sdk/src/rp2_common/pico_float/float_math.c.obj
LOAD CMakeFiles/main.dir/C_/RPPicoSDK/sdk/pico-sdk/src/rp2_common/pico_float/float_v1_rom_shim.S.obj
LOAD CMakeFiles/main.dir/C_/RPPicoSDK/sdk/pico-sdk/src/rp2_common/pico_malloc/pico_malloc.c.obj
LOAD CMakeFiles/main.dir/C_/RPPicoSDK/sdk/pico-sdk/src/rp2_common/pico_mem_ops/mem_ops_aeabi.S.obj
LOAD CMakeFiles/main.dir/C_/RPPicoSDK/sdk/pico-sdk/src/rp2_common/pico_standard_link/crt0.S.obj
LOAD CMakeFiles/main.dir/C_/RPPicoSDK/sdk/pico-sdk/src/rp2_common/pico_standard_link/new_delete.cpp.obj
LOAD CMakeFiles/main.dir/C_/RPPicoSDK/sdk/pico-sdk/src/rp2_common/pico_standard_link/binary_info.c.obj
LOAD CMakeFiles/main.dir/C_/RPPicoSDK/sdk/pico-sdk/src/rp2_common/pico_stdio/stdio.c.obj
LOAD CMakeFiles/main.dir/C_/RPPicoSDK/sdk/pico-sdk/src/rp2_common/pico_stdio_usb/reset_interface.c.obj
LOAD CMakeFiles/main.dir/C_/RPPicoSDK/sdk/pico-sdk/src/rp2_common/pico_stdio_usb/stdio_usb.c.obj
LOAD CMakeFiles/main.dir/C_/RPPicoSDK/sdk/pico-sdk/src/rp2_common/pico_stdio_usb/stdio_usb_descriptors.c.obj
LOAD CMakeFiles/main.dir/C_/RPPicoSDK/sdk/pico-sdk/lib/tinyusb/src/portable/raspberrypi/rp2040/dcd_rp2040.c.obj
LOAD CMakeFiles/main.dir/C_/RPPicoSDK/sdk/pico-sdk/lib/tinyusb/src/portable/raspberrypi/rp2040/rp2040_usb.c.obj
LOAD CMakeFiles/main.dir/C_/RPPicoSDK/sdk/pico-sdk/lib/tinyusb/src/device/usbd.c.obj
LOAD CMakeFiles/main.dir/C_/RPPicoSDK/sdk/pico-sdk/lib/tinyusb/src/device/usbd_control.c.obj
LOAD CMakeFiles/main.dir/C_/RPPicoSDK/sdk/pico-sdk/lib/tinyusb/src/class/audio/audio_device.c.obj
LOAD CMakeFiles/main.dir/C_/RPPicoSDK/sdk/pico-sdk/lib/tinyusb/src/class/cdc/cdc_device.c.obj
LOAD CMakeFiles/main.dir/C_/RPPicoSDK/sdk/pico-sdk/lib/tinyusb/src/class/dfu/dfu_device.c.obj
LOAD CMakeFiles/main.dir/C_/RPPicoSDK/sdk/pico-sdk/lib/tinyusb/src/class/dfu/dfu_rt_device.c.obj
LOAD CMakeFiles/main.dir/C_/RPPicoSDK/sdk/pico-sdk/lib/tinyusb/src/class/hid/hid_device.c.obj
LOAD CMakeFiles/main.dir/C_/RPPicoSDK/sdk/pico-sdk/lib/tinyusb/src/class/midi/midi_device.c.obj
LOAD CMakeFiles/main.dir/C_/RPPicoSDK/sdk/pico-sdk/lib/tinyusb/src/class/msc/msc_device.c.obj
LOAD CMakeFiles/main.dir/C_/RPPicoSDK/sdk/pico-sdk/lib/tinyusb/src/class/net/ecm_rndis_device.c.obj
LOAD CMakeFiles/main.dir/C_/RPPicoSDK/sdk/pico-sdk/lib/tinyusb/src/class/net/ncm_device.c.obj
LOAD CMakeFiles/main.dir/C_/RPPicoSDK/sdk/pico-sdk/lib/tinyusb/src/class/usbtmc/usbtmc_device.c.obj
LOAD CMakeFiles/main.dir/C_/RPPicoSDK/sdk/pico-sdk/lib/tinyusb/src/class/vendor/vendor_device.c.obj